Device: CPU

Dataset summary
  Total sequences      : 10,272
  OOD viral (fixed)    : 1,025
  Non-viral pool       : 9,247
  Bacteria (condition A): 2,850

Kingdom breakdown (non-viral):
  Bacteria            : 2,850
  Plants              : 2,480
  Fungi               : 1,507
  Mammals             : 1,361
  Protists            : 1,049

=================================================================
SEED 42
=================================================================

[A] bacteria_only  (n=2,850, 1 kingdom)

Training kestrel_A_bacteria_only_seed42 (2,185,514 params)
  Ep      Trn      Val      Rg      nu       Δ    geff
───────────────────────────────────────────────────────
   1   0.7510   0.7680   0.677   0.054   0.105   0.762
   2   0.7206   0.7107   0.829   0.080   0.088   0.881
   3   0.5863   0.6856   0.799   0.099   0.129   0.876
   4   0.6037   0.7455   0.654   0.052   0.077   0.874
   5   0.5665   0.6353   0.822   0.171   0.162   0.888
   6   0.5219   0.5149   0.800   0.320   0.235   0.911
   7   0.4487   0.4337   0.838   0.544   0.365   0.922
   8   0.4018   0.8927   0.773  -0.575  -0.205   0.916
   9   0.4246   0.4315   0.855   0.447   0.323   0.900
  10   0.3912   0.4664   0.866   0.512   0.300   0.929
  11   0.3602   0.3540   0.896   0.611   0.479   0.913
  12   0.3257   0.3655   0.860   0.618   0.457   0.926
  13   0.3489   0.3697   0.919   0.608   0.434   0.936
  14   0.3680   0.3174   0.916   0.674   0.525   0.929
  15   0.3147   0.3215   0.891   0.663   0.532   0.896
  16   0.3157   0.3078   0.881   0.678   0.532   0.921
  17   0.3195   0.3150   0.922   0.667   0.541   0.947
  18   0.3028   0.2914   0.883   0.702   0.569   0.907
  19   0.2796   0.2793   0.923   0.709   0.573   0.950
  20   0.2737   0.2864   0.906   0.673   0.545   0.956
  21   0.2857   0.2956   0.889   0.729   0.589   0.952
  22   0.3094   0.2824   0.871   0.733   0.590   0.939
  23   0.2803   0.2714   0.899   0.738   0.599   0.940
  24   0.2712   0.2767   0.870   0.757   0.606   0.909
  25   0.2622   0.3015   0.910   0.714   0.574   0.945
  26   0.2583   0.2840   0.922   0.731   0.591   0.952
  27   0.2501   0.2779   0.924   0.718   0.579   0.957
  28   0.2344   0.2880   0.922   0.725   0.581   0.951
  29   0.2467   0.2651   0.928   0.728   0.596   0.959
  30   0.2912   0.2545   0.907   0.747   0.621   0.956
  31   0.2553   0.2924   0.896   0.711   0.577   0.952
  32   0.2331   0.2875   0.882   0.700   0.575   0.943
  33   0.2261   0.2578   0.934   0.752   0.635   0.955
  34   0.2274   0.2713   0.858   0.736   0.642   0.949
  35   0.2194   0.2796   0.896   0.734   0.612   0.916
  36   0.2226   0.2838   0.819   0.785   0.670   0.897
  37   0.2212   0.2477   0.919   0.791   0.700   0.963
  38   0.1968   0.2172   0.950   0.814   0.715   0.964
  39   0.1952   0.2213   0.959   0.804   0.727   0.967
  40   0.1795   0.2292   0.916   0.822   0.727   0.961
  41   0.1891   0.2123   0.932   0.832   0.736   0.959
  42   0.1888   0.2141   0.949   0.823   0.738   0.972
  43   0.1832   0.2105   0.948   0.825   0.744   0.969
  44   0.1847   0.2104   0.961   0.828   0.752   0.973
  45   0.1709   0.1991   0.948   0.857   0.776   0.973
  46   0.1758   0.2091   0.922   0.841   0.754   0.953
  47   0.1775   0.2009   0.933   0.849   0.774   0.962
  48   0.1683   0.2015   0.961   0.836   0.764   0.971
  49   0.1713   0.2222   0.941   0.826   0.738   0.967
  50   0.1756   0.2197   0.952   0.805   0.732   0.973
  51   0.1791   0.2156   0.922   0.849   0.764   0.957
  52   0.1819   0.2014   0.945   0.843   0.766   0.972
  53   0.1698   0.2106   0.961   0.857   0.763   0.960
  54   0.1679   0.2032   0.936   0.848   0.767   0.965
  55   0.1660   0.2105   0.960   0.850   0.767   0.964
  56   0.1630   0.1990   0.961   0.858   0.775   0.973
  57   0.1625   0.1862   0.970   0.866   0.791   0.973
  58   0.1644   0.1958   0.962   0.861   0.785   0.972
  59   0.1621   0.1916   0.960   0.869   0.790   0.973
  60   0.1627   0.1923   0.957   0.866   0.791   0.973
  61   0.1555   0.1952   0.962   0.872   0.793   0.970
  62   0.1562   0.1947   0.969   0.872   0.781   0.970
  63   0.2096   0.1884   0.970   0.868   0.786   0.974
  64   0.1578   0.1876   0.969   0.870   0.789   0.977
  65   0.1517   0.1895   0.971   0.876   0.794   0.975
  66   0.1606   0.1863   0.971   0.876   0.792   0.973
  67   0.1549   0.1956   0.967   0.855   0.781   0.974
  68   0.1549   0.1932   0.966   0.867   0.779   0.968
  69   0.1474   0.1842   0.969   0.879   0.796   0.974
  70   0.1506   0.1939   0.970   0.865   0.770   0.973
  71   0.1484   0.1857   0.970   0.876   0.791   0.976
  72   0.1451   0.1844   0.972   0.884   0.794   0.975
  73   0.1565   0.1813   0.972   0.885   0.793   0.975
  74   0.1469   0.1853   0.966   0.879   0.789   0.974
  75   0.1531   0.1896   0.971   0.874   0.784   0.976
  76   0.1468   0.1844   0.969   0.881   0.792   0.977
  77   0.1419   0.1856   0.970   0.879   0.788   0.975
  78   0.1449   0.1834   0.971   0.880   0.790   0.976
  79   0.1567   0.1863   0.966   0.880   0.785   0.973
  80   0.1489   0.1864   0.972   0.877   0.784   0.976
  81   0.1516   0.1840   0.973   0.883   0.792   0.975
  82   0.1408   0.1852   0.972   0.879   0.787   0.975
  83   0.1486   0.1840   0.970   0.880   0.788   0.976
  84   0.1421   0.1819   0.974   0.881   0.791   0.977
  85   0.1496   0.1843   0.969   0.880   0.788   0.974
  86   0.1427   0.1854   0.971   0.879   0.785   0.976
  87   0.1421   0.1844   0.972   0.879   0.787   0.976
  88   0.1504   0.1845   0.972   0.879   0.787   0.975
  89   0.1497   0.1878   0.972   0.875   0.781   0.975
  90   0.1359   0.1872   0.972   0.876   0.782   0.975
  91   0.1443   0.1858   0.972   0.877   0.785   0.975
  92   0.1405   0.1849   0.972   0.878   0.787   0.975
  93   0.1384   0.1849   0.971   0.878   0.787   0.975
  94   0.1524   0.1849   0.972   0.878   0.787   0.975
  95   0.1464   0.1846   0.972   0.879   0.787   0.976
  96   0.1458   0.1844   0.972   0.879   0.788   0.976
  97   0.1397   0.1842   0.972   0.879   0.788   0.976
  98   0.1391   0.1843   0.972   0.879   0.788   0.976
  99   0.1410   0.1843   0.972   0.879   0.788   0.976
 100   0.1404   0.1843   0.972   0.879   0.788   0.976
Early stop @ ep 100
    OOD R²(rg   ) = 0.8591
    OOD R²(nu   ) = 0.5623
    OOD R²(delta) = 0.6808
    OOD R²(a0   ) = 0.1681

[B] matched_multitaxon  (n=2,850, proportional across all taxa)
    Kingdom distribution in matched sample:
      Bacteria            : 878
      Plants              : 764
      Fungi               : 465
      Mammals             : 420
      Protists            : 323

Training kestrel_B_matched_multitaxon_seed42 (2,185,578 params)
  Ep      Trn      Val      Rg      nu       Δ    geff
───────────────────────────────────────────────────────
   1   0.7058   0.6219   0.669   0.032   0.089   0.857
   2   0.7297   0.5595   0.738  -0.007   0.093   0.914
   3   0.5441   0.5785   0.751   0.084   0.116   0.810
   4   0.5004   0.4906   0.735   0.103   0.210   0.856
   5   0.5041   0.4700   0.767   0.092   0.213   0.935
   6   0.6082   0.4661   0.767   0.062   0.198   0.906
   7   0.4925   0.5085   0.684   0.094   0.169   0.862
   8   0.4328   0.4536   0.741   0.057   0.168   0.920
   9   0.4208   0.4112   0.767   0.109   0.209   0.921
  10   0.4058   0.4720   0.725   0.068   0.169   0.919
  11   0.5289   0.5083   0.750   0.050   0.120   0.913
  12   0.4709   0.4164   0.774   0.070   0.190   0.943
  13   0.4017   0.3876   0.798   0.094   0.204   0.952
  14   0.4165   0.3909   0.795   0.089   0.234   0.931
  15   0.3970   0.4102   0.763   0.076   0.205   0.933
  16   0.3920   0.4418   0.781   0.011   0.138   0.931
  17   0.3820   0.3921   0.789   0.118   0.236   0.943
  18   0.4023   0.4273   0.769   0.121   0.183   0.920
  19   0.4527   0.4517   0.756   0.044   0.165   0.939
  20   0.4297   0.4005   0.745   0.168   0.282   0.919
  21   0.3538   0.3903   0.798   0.058   0.257   0.948
  22   0.3920   0.4228   0.770   0.007   0.231   0.905
  23   0.3404   0.3784   0.778   0.208   0.282   0.944
  24   0.3373   0.3708   0.782   0.192   0.269   0.931
  25   0.3061   0.4073   0.779   0.166   0.244   0.937
  26   0.3318   0.4422   0.766   0.274   0.282   0.945
  27   0.3174   0.3634   0.794   0.228   0.284   0.931
  28   0.2940   0.3895   0.777   0.164   0.265   0.942
  29   0.3082   0.3755   0.774   0.223   0.301   0.951
  30   0.2983   0.3491   0.778   0.295   0.387   0.952
  31   0.2747   0.3065   0.817   0.313   0.447   0.962
  32   0.2674   0.3361   0.800   0.381   0.445   0.901
  33   0.2561   0.3301   0.815   0.230   0.369   0.950
  34   0.2385   0.4878   0.733  -0.303   0.149   0.905
  35   0.2567   0.3048   0.822   0.363   0.459   0.954
  36   0.2462   0.3236   0.789   0.297   0.460   0.961
  37   0.2367   0.3318   0.756   0.299   0.460   0.949
  38   0.2156   0.3241   0.758   0.371   0.496   0.930
  39   0.2197   0.2962   0.794   0.408   0.535   0.954
  40   0.1978   0.3122   0.788   0.356   0.487   0.949
  41   0.2033   0.3088   0.800   0.399   0.513   0.958
  42   0.1969   0.2994   0.812   0.408   0.541   0.959
  43   0.2172   0.3997   0.752  -0.015   0.260   0.926
  44   0.1892   0.2866   0.776   0.492   0.559   0.963
  45   0.1876   0.3008   0.805   0.450   0.564   0.966
  46   0.1713   0.4472   0.768  -0.256   0.188   0.939
  47   0.1924   0.3177   0.804   0.339   0.460   0.949
  48   0.1945   0.2879   0.797   0.483   0.528   0.937
  49   0.1742   0.2903   0.812   0.433   0.523   0.955
  50   0.1648   0.3411   0.804   0.212   0.432   0.961
  51   0.1783   0.2652   0.823   0.625   0.641   0.969
  52   0.1616   0.2524   0.849   0.525   0.593   0.963
  53   0.1501   0.2506   0.848   0.545   0.602   0.961
  54   0.1394   0.2605   0.814   0.542   0.595   0.964
  55   0.1342   0.2257   0.828   0.682   0.679   0.969
  56   0.1400   0.2295   0.837   0.640   0.660   0.971
  57   0.1467   0.2479   0.820   0.598   0.628   0.963
  58   0.1298   0.2283   0.843   0.637   0.649   0.967
  59   0.1307   0.2545   0.821   0.551   0.613   0.966
  60   0.1258   0.2484   0.830   0.568   0.614   0.967
  61   0.1286   0.2349   0.815   0.647   0.661   0.964
  62   0.1231   0.2272   0.830   0.660   0.670   0.969
  63   0.1281   0.2279   0.841   0.632   0.643   0.972
  64   0.1339   0.2394   0.826   0.608   0.641   0.966
  65   0.1164   0.2166   0.852   0.692   0.701   0.969
  66   0.1217   0.2065   0.859   0.707   0.694   0.977
  67   0.1183   0.2072   0.865   0.696   0.696   0.973
  68   0.1188   0.2204   0.837   0.678   0.676   0.969
  69   0.1170   0.2294   0.830   0.640   0.669   0.971
  70   0.1212   0.2217   0.853   0.649   0.666   0.970
  71   0.1126   0.2205   0.824   0.697   0.692   0.968
  72   0.1194   0.2234   0.837   0.668   0.673   0.967
  73   0.1098   0.2093   0.854   0.711   0.686   0.974
  74   0.1127   0.2298   0.842   0.643   0.669   0.966
  75   0.1158   0.2222   0.835   0.675   0.679   0.968
  76   0.1136   0.2284   0.835   0.652   0.679   0.973
  77   0.1172   0.2272   0.839   0.655   0.674   0.967
  78   0.1119   0.2169   0.831   0.707   0.695   0.971
  79   0.1122   0.2241   0.826   0.679   0.687   0.969
  80   0.1207   0.2263   0.834   0.665   0.675   0.970
  81   0.1152   0.2225   0.821   0.701   0.696   0.969
  82   0.1087   0.2236   0.824   0.688   0.688   0.970
Early stop @ ep 82
    OOD R²(rg   ) = 0.9143
    OOD R²(nu   ) = 0.6819
    OOD R²(delta) = 0.7307
    OOD R²(a0   ) = 0.4367

[C] full_bender  (n=9,247, all taxa)

Training kestrel_C_full_bender_seed42 (2,185,578 params)
  Ep      Trn      Val      Rg      nu       Δ    geff
───────────────────────────────────────────────────────
   1   0.6586   0.5739   0.783   0.115   0.176   0.912
   2   0.4968   0.4574   0.845   0.181   0.290   0.941
   3   0.4637   0.4557   0.847   0.179   0.241   0.938
   4   0.4356   0.4192   0.825   0.192   0.294   0.938
   5   0.4302   0.4334   0.845   0.227   0.298   0.942
   6   0.3992   0.3634   0.839   0.340   0.369   0.945
   7   0.3785   0.3463   0.876   0.394   0.384   0.947
   8   0.3408   0.3501   0.893   0.403   0.500   0.928
   9   0.2967   0.2765   0.901   0.535   0.549   0.942
  10   0.2678   0.2561   0.909   0.576   0.582   0.962
  11   0.2335   0.2079   0.940   0.673   0.680   0.969
  12   0.2122   0.2057   0.935   0.729   0.696   0.969
  13   0.1915   0.2030   0.944   0.748   0.721   0.962
  14   0.1738   0.1795   0.936   0.788   0.747   0.968
  15   0.1753   0.1689   0.929   0.828   0.786   0.976
  16   0.1584   0.1794   0.944   0.777   0.769   0.966
  17   0.1536   0.1704   0.953   0.802   0.773   0.978
  18   0.1472   0.1854   0.915   0.779   0.764   0.975
  19   0.1541   0.1716   0.912   0.829   0.800   0.975
  20   0.1464   0.1708   0.947   0.819   0.776   0.978
  21   0.1482   0.2056   0.899   0.713   0.727   0.976
  22   0.1426   0.1763   0.954   0.752   0.748   0.980
  23   0.1364   0.2705   0.922   0.554   0.631   0.966
  24   0.1346   0.1771   0.931   0.791   0.788   0.975
  25   0.1258   0.2027   0.948   0.727   0.748   0.978
  26   0.1297   0.2023   0.944   0.737   0.731   0.971
  27   0.1282   0.1861   0.897   0.790   0.759   0.981
  28   0.1242   0.1659   0.947   0.805   0.787   0.969
  29   0.1246   0.2475   0.921   0.603   0.690   0.968
  30   0.1230   0.1651   0.922   0.850   0.818   0.982
  31   0.1218   0.1871   0.946   0.747   0.742   0.983
  32   0.1209   0.1809   0.945   0.799   0.771   0.952
Early stop @ ep 32
    OOD R²(rg   ) = 0.9450
    OOD R²(nu   ) = 0.8587
    OOD R²(delta) = 0.8378
    OOD R²(a0   ) = 0.7660

Raw results → /home/a/akopkau/kestrel_se/taxonomy_confound_output/seed42/taxonomy_confound_results.csv

=================================================================
SUMMARY  (OOD R²,  mean ± std across seeds)
=================================================================
Condition                        rg        nu     delta        a0
─────────────────────────────────────────────────────────────────
A_bacteria_only            0.859±nan  0.562±nan  0.681±nan  0.168±nan
B_matched_multitaxon       0.914±nan  0.682±nan  0.731±nan  0.437±nan
C_full_bender              0.945±nan  0.859±nan  0.838±nan  0.766±nan

=================================================================
ES_OOD PROXY  (R²_condition / R²_full_BENDER, mean across seeds)
  Interpretation: 1.0 = matches full BENDER; <1.0 = below ceiling
=================================================================
Condition                        rg        nu     delta        a0
─────────────────────────────────────────────────────────────────
A_bacteria_only               0.909     0.655     0.813     0.219
B_matched_multitaxon          0.968     0.794     0.872     0.570
C_full_bender                 1.000     1.000     1.000     1.000

=================================================================
INTERPRETATION GUIDE
  B ≈ C >> A  →  taxonomic diversity drives the gain (not sample size)
  B ≈ A << C  →  sample size drives the gain (not diversity)
  A < B < C   →  both contribute independently
=================================================================
