Device: CPU

Dataset summary
  Total sequences      : 10,272
  OOD viral (fixed)    : 1,025
  Non-viral pool       : 9,247
  Bacteria (condition A): 2,850

Kingdom breakdown (non-viral):
  Bacteria            : 2,850
  Plants              : 2,480
  Fungi               : 1,507
  Mammals             : 1,361
  Protists            : 1,049

=================================================================
SEED 67
=================================================================

[A] bacteria_only  (n=2,850, 1 kingdom)

Training kestrel_A_bacteria_only_seed67 (2,185,514 params)
  Ep      Trn      Val      Rg      nu       Δ    geff
───────────────────────────────────────────────────────
   1   0.7250   0.6547   0.781   0.071   0.103   0.836
   2   0.6073   0.6471   0.827   0.002   0.083   0.889
   3   0.6027   0.6346   0.853   0.012   0.075   0.879
   4   0.6370   0.6636   0.750  -0.049   0.035   0.848
   5   0.5895   0.6243   0.753  -0.031   0.040   0.833
   6   0.5075   0.5759   0.802   0.100   0.120   0.896
   7   0.4746   0.5383   0.866   0.077   0.061   0.925
   8   0.3822   0.4938   0.869   0.260   0.169   0.914
   9   0.3437   0.4683   0.856   0.225   0.169   0.933
  10   0.3354   0.4646   0.842   0.230   0.204   0.940
  11   0.3254   0.4972   0.829   0.233   0.171   0.928
  12   0.3457   0.4607   0.850   0.324   0.247   0.926
  13   0.4236   0.5165   0.785   0.074   0.121   0.880
  14   0.3562   0.5124   0.837   0.305   0.218   0.921
  15   0.3559   0.4851   0.821   0.292   0.255   0.871
  16   0.3357   0.4353   0.803   0.353   0.289   0.914
  17   0.3126   0.4546   0.799   0.363   0.274   0.925
  18   0.3169   0.4426   0.834   0.373   0.291   0.937
  19   0.2784   0.4444   0.828   0.318   0.225   0.948
  20   0.3073   0.4127   0.811   0.400   0.332   0.945
  21   0.2657   0.4476   0.812   0.337   0.291   0.941
  22   0.2648   0.4262   0.846   0.393   0.340   0.922
  23   0.2646   0.4031   0.827   0.406   0.332   0.944
  24   0.2708   0.4454   0.832   0.409   0.314   0.937
  25   0.2669   0.5354   0.809   0.267   0.085   0.946
  26   0.3135   0.4328   0.814   0.314   0.296   0.938
  27   0.2777   0.4482   0.809   0.329   0.310   0.938
  28   0.2565   0.4420   0.768   0.351   0.331   0.924
  29   0.2673   0.4159   0.817   0.379   0.336   0.906
  30   0.2419   0.4291   0.804   0.382   0.300   0.931
  31   0.2465   0.4086   0.755   0.419   0.350   0.937
  32   0.2337   0.4023   0.788   0.426   0.388   0.939
  33   0.2186   0.4098   0.752   0.438   0.408   0.945
  34   0.2379   0.4226   0.805   0.377   0.366   0.940
  35   0.2323   0.4440   0.652   0.386   0.334   0.931
  36   0.2332   0.3796   0.801   0.454   0.457   0.957
  37   0.2083   0.4267   0.623   0.418   0.448   0.943
  38   0.1955   0.3763   0.827   0.487   0.486   0.944
  39   0.1940   0.4334   0.692   0.363   0.277   0.952
  40   0.2026   0.3988   0.724   0.456   0.437   0.951
  41   0.1902   0.3817   0.757   0.481   0.457   0.958
  42   0.1831   0.3795   0.828   0.445   0.448   0.953
  43   0.1746   0.3765   0.822   0.517   0.500   0.954
  44   0.1880   0.3735   0.769   0.499   0.491   0.949
  45   0.1930   0.3659   0.775   0.526   0.519   0.945
  46   0.1988   0.4294   0.633   0.439   0.363   0.945
  47   0.1796   0.3651   0.851   0.487   0.475   0.954
  48   0.1809   0.3892   0.637   0.523   0.504   0.955
  49   0.1732   0.3412   0.894   0.536   0.507   0.957
  50   0.1731   0.3670   0.586   0.590   0.564   0.957
  51   0.1685   0.3244   0.793   0.622   0.588   0.955
  52   0.1844   0.3660   0.785   0.514   0.485   0.958
  53   0.1744   0.3386   0.677   0.592   0.571   0.965
  54   0.1571   0.3106   0.855   0.608   0.568   0.963
  55   0.1694   0.3046   0.814   0.631   0.592   0.964
  56   0.1624   0.2829   0.874   0.647   0.597   0.965
  57   0.1900   0.2961   0.847   0.649   0.599   0.964
  58   0.1639   0.2919   0.825   0.651   0.587   0.961
  59   0.1592   0.3210   0.798   0.605   0.578   0.964
  60   0.1652   0.2889   0.823   0.662   0.622   0.967
  61   0.1590   0.3055   0.768   0.675   0.626   0.954
  62   0.1523   0.3075   0.725   0.670   0.622   0.966
  63   0.1494   0.3022   0.769   0.669   0.601   0.965
  64   0.1494   0.3109   0.705   0.666   0.612   0.965
  65   0.1486   0.2931   0.831   0.670   0.625   0.965
  66   0.1511   0.2975   0.779   0.676   0.626   0.964
  67   0.1511   0.2860   0.832   0.685   0.638   0.963
  68   0.1610   0.2862   0.807   0.680   0.633   0.960
  69   0.1580   0.2854   0.801   0.690   0.643   0.968
  70   0.1527   0.2919   0.756   0.691   0.646   0.964
  71   0.1749   0.2822   0.813   0.692   0.637   0.967
  72   0.1506   0.2860   0.812   0.682   0.631   0.965
  73   0.1510   0.2915   0.766   0.684   0.636   0.965
  74   0.1548   0.2906   0.784   0.688   0.638   0.966
  75   0.1524   0.2834   0.805   0.699   0.639   0.967
  76   0.1470   0.2810   0.773   0.718   0.663   0.964
  77   0.1464   0.2881   0.753   0.704   0.643   0.967
  78   0.1578   0.2670   0.850   0.722   0.656   0.965
  79   0.1460   0.2622   0.866   0.727   0.667   0.969
  80   0.1415   0.2624   0.851   0.723   0.665   0.967
  81   0.1468   0.2640   0.857   0.719   0.659   0.969
  82   0.1414   0.2660   0.852   0.717   0.653   0.966
  83   0.1708   0.2548   0.870   0.734   0.673   0.968
  84   0.1573   0.2583   0.853   0.728   0.667   0.969
  85   0.1436   0.2622   0.827   0.733   0.672   0.969
  86   0.1465   0.2633   0.833   0.728   0.664   0.968
  87   0.1506   0.2644   0.824   0.736   0.671   0.968
  88   0.1449   0.2669   0.812   0.732   0.669   0.968
  89   0.1579   0.2666   0.815   0.734   0.672   0.968
  90   0.1436   0.2659   0.813   0.734   0.671   0.969
  91   0.1393   0.2677   0.803   0.730   0.670   0.968
  92   0.1432   0.2681   0.806   0.729   0.668   0.968
  93   0.1415   0.2689   0.807   0.729   0.666   0.968
  94   0.1447   0.2678   0.811   0.731   0.669   0.968
  95   0.1410   0.2674   0.809   0.731   0.670   0.968
  96   0.1432   0.2676   0.808   0.731   0.670   0.968
  97   0.1515   0.2683   0.806   0.730   0.668   0.968
  98   0.1458   0.2684   0.807   0.729   0.668   0.968
  99   0.1467   0.2684   0.807   0.729   0.668   0.968
 100   0.1420   0.2684   0.807   0.729   0.668   0.968
Early stop @ ep 100
    OOD R²(rg   ) = 0.8681
    OOD R²(nu   ) = 0.6023
    OOD R²(delta) = 0.6985
    OOD R²(a0   ) = 0.2826

[B] matched_multitaxon  (n=2,850, proportional across all taxa)
    Kingdom distribution in matched sample:
      Bacteria            : 878
      Plants              : 764
      Fungi               : 465
      Mammals             : 420
      Protists            : 323

Training kestrel_B_matched_multitaxon_seed67 (2,185,578 params)
  Ep      Trn      Val      Rg      nu       Δ    geff
───────────────────────────────────────────────────────
   1   0.7386   0.5729   0.744   0.101   0.126   0.862
   2   0.6325   0.5714   0.711   0.093   0.156   0.775
   3   0.5955   0.5465   0.770   0.101   0.126   0.891
   4   0.5923   0.5230   0.754   0.113   0.181   0.895
   5   0.5343   0.9619   0.635   0.020  -0.132   0.777
   6   0.6764   0.5504   0.671   0.108   0.174   0.816
   7   0.5435   0.4999   0.778   0.105   0.131   0.905
   8   0.4687   0.4608   0.777   0.144   0.211   0.869
   9   0.4870   0.4472   0.761   0.141   0.225   0.888
  10   0.4515   0.4429   0.804   0.122   0.175   0.923
  11   0.4253   0.4384   0.773   0.096   0.181   0.918
  12   0.4232   0.4080   0.794   0.156   0.230   0.923
  13   0.4087   0.4070   0.806   0.164   0.242   0.916
  14   0.4108   0.4185   0.776   0.155   0.226   0.908
  15   0.4065   0.4041   0.796   0.151   0.223   0.914
  16   0.3967   0.3869   0.807   0.182   0.260   0.930
  17   0.4159   0.4086   0.772   0.177   0.218   0.915
  18   0.4000   0.4504   0.760   0.129   0.213   0.886
  19   0.3968   0.4531   0.748   0.120   0.124   0.903
  20   0.3912   0.4608   0.766   0.210   0.290   0.909
  21   0.3939   0.4726   0.718   0.085   0.044   0.881
  22   0.3917   0.3687   0.815   0.264   0.303   0.922
  23   0.3629   0.4112   0.760   0.346   0.310   0.906
  24   0.3577   0.3852   0.751   0.413   0.327   0.894
  25   0.3261   0.3271   0.810   0.454   0.344   0.919
  26   0.3188   0.3857   0.723   0.224   0.218   0.909
  27   0.3429   0.3275   0.817   0.464   0.415   0.914
  28   0.3136   0.4177   0.755   0.228   0.177   0.792
  29   0.3042   0.2921   0.841   0.567   0.463   0.929
  30   0.2973   0.4234   0.756   0.060   0.379   0.902
  31   0.3480   0.3629   0.807   0.267   0.364   0.859
  32   0.2953   0.2633   0.867   0.555   0.473   0.932
  33   0.2893   0.2820   0.847   0.513   0.430   0.935
  34   0.2602   0.2976   0.889   0.504   0.494   0.924
  35   0.2533   0.2862   0.813   0.559   0.495   0.875
  36   0.3359   0.2784   0.856   0.479   0.499   0.936
  37   0.2343   0.2318   0.874   0.633   0.559   0.931
  38   0.2304   0.3036   0.886   0.379   0.462   0.927
  39   0.2359   0.2359   0.864   0.620   0.529   0.937
  40   0.2206   0.2399   0.873   0.650   0.568   0.892
  41   0.1999   0.3305   0.879   0.359   0.368   0.922
  42   0.2063   0.2386   0.892   0.613   0.582   0.943
  43   0.2003   0.2242   0.911   0.655   0.595   0.927
  44   0.1941   0.3062   0.864   0.421   0.229   0.947
  45   0.2110   0.2563   0.926   0.613   0.558   0.952
  46   0.1938   0.2276   0.909   0.667   0.605   0.917
  47   0.1869   0.2542   0.904   0.592   0.537   0.944
  48   0.1849   0.1949   0.921   0.717   0.663   0.937
  49   0.1766   0.2000   0.939   0.676   0.623   0.958
  50   0.1659   0.2426   0.918   0.577   0.538   0.939
  51   0.1619   0.2209   0.918   0.636   0.632   0.948
  52   0.1608   0.2231   0.906   0.622   0.606   0.953
  53   0.1611   0.2498   0.905   0.583   0.469   0.940
  54   0.1490   0.2125   0.890   0.683   0.623   0.929
  55   0.1502   0.2331   0.906   0.579   0.528   0.948
  56   0.1491   0.2182   0.905   0.640   0.575   0.949
  57   0.1504   0.2069   0.910   0.661   0.560   0.930
  58   0.1434   0.1959   0.913   0.687   0.637   0.956
  59   0.1356   0.2187   0.887   0.652   0.582   0.953
  60   0.1354   0.2310   0.889   0.567   0.504   0.952
  61   0.1700   0.2199   0.894   0.604   0.529   0.957
  62   0.1331   0.2249   0.855   0.622   0.523   0.956
  63   0.1338   0.2013   0.925   0.677   0.626   0.960
  64   0.1365   0.2236   0.864   0.636   0.538   0.951
  65   0.1244   0.2260   0.846   0.634   0.562   0.953
  66   0.1281   0.2211   0.902   0.629   0.593   0.959
  67   0.1265   0.1959   0.886   0.694   0.616   0.958
  68   0.1251   0.2001   0.874   0.699   0.623   0.958
  69   0.1192   0.1942   0.920   0.695   0.640   0.958
  70   0.1216   0.1924   0.902   0.715   0.639   0.952
  71   0.1257   0.1936   0.919   0.695   0.632   0.956
  72   0.1204   0.2044   0.865   0.685   0.606   0.956
  73   0.1213   0.2040   0.894   0.681   0.621   0.961
  74   0.1183   0.1878   0.911   0.711   0.640   0.962
  75   0.1188   0.1924   0.894   0.716   0.640   0.954
  76   0.1130   0.2024   0.893   0.669   0.615   0.961
  77   0.1127   0.2011   0.907   0.677   0.598   0.958
  78   0.1154   0.2025   0.894   0.678   0.619   0.962
  79   0.1178   0.1967   0.883   0.707   0.625   0.961
  80   0.1142   0.2040   0.886   0.669   0.604   0.961
  81   0.1113   0.1947   0.895   0.700   0.630   0.960
  82   0.1140   0.1971   0.887   0.708   0.636   0.960
  83   0.1143   0.2045   0.890   0.666   0.596   0.961
  84   0.1166   0.1927   0.899   0.711   0.646   0.962
  85   0.1104   0.2053   0.878   0.674   0.605   0.959
  86   0.1088   0.2032   0.889   0.682   0.616   0.960
Early stop @ ep 86
    OOD R²(rg   ) = 0.9102
    OOD R²(nu   ) = 0.6489
    OOD R²(delta) = 0.7309
    OOD R²(a0   ) = 0.3880

[C] full_bender  (n=9,247, all taxa)

Training kestrel_C_full_bender_seed67 (2,185,578 params)
  Ep      Trn      Val      Rg      nu       Δ    geff
───────────────────────────────────────────────────────
   1   0.6580   0.4423   0.786   0.106   0.182   0.909
   2   0.5148   0.5421   0.768   0.094   0.054   0.922
   3   0.4642   0.3556   0.850   0.167   0.270   0.944
   4   0.4379   0.3877   0.845   0.179   0.246   0.937
   5   0.4284   0.3799   0.808   0.176   0.262   0.873
   6   0.4277   0.3480   0.838   0.186   0.282   0.935
   7   0.4002   0.3344   0.850   0.286   0.323   0.942
   8   0.3667   0.3069   0.874   0.327   0.342   0.948
   9   0.3320   0.3185   0.836   0.373   0.387   0.883
  10   0.3140   0.2946   0.879   0.434   0.439   0.925
  11   0.2825   0.2937   0.885   0.463   0.463   0.960
  12   0.2566   0.2348   0.894   0.539   0.572   0.960
  13   0.2409   0.2532   0.871   0.563   0.540   0.955
  14   0.2219   0.2054   0.920   0.625   0.642   0.971
  15   0.2176   0.2125   0.901   0.651   0.641   0.960
  16   0.2094   0.1916   0.913   0.673   0.668   0.969
  17   0.1902   0.1905   0.919   0.674   0.601   0.964
  18   0.1789   0.1594   0.929   0.769   0.708   0.975
  19   0.1681   0.1682   0.921   0.757   0.713   0.960
  20   0.1727   0.1709   0.935   0.750   0.698   0.970
  21   0.1594   0.1737   0.909   0.753   0.703   0.951
  22   0.1570   0.1693   0.938   0.734   0.698   0.963
  23   0.1502   0.1771   0.895   0.743   0.695   0.971
  24   0.1479   0.1602   0.888   0.792   0.737   0.978
  25   0.1400   0.1566   0.936   0.788   0.729   0.978
  26   0.1429   0.1572   0.936   0.761   0.709   0.977
  27   0.1366   0.1576   0.923   0.760   0.704   0.969
  28   0.1303   0.1622   0.897   0.772   0.730   0.980
  29   0.1335   0.1596   0.925   0.761   0.715   0.969
  30   0.1323   0.1539   0.926   0.772   0.730   0.978
  31   0.1281   0.1642   0.915   0.746   0.703   0.977
  32   0.1211   0.1532   0.892   0.811   0.751   0.979
  33   0.1228   0.1443   0.933   0.825   0.756   0.975
  34   0.1169   0.1434   0.932   0.812   0.741   0.980
  35   0.1168   0.1384   0.946   0.825   0.760   0.977
  36   0.1161   0.1576   0.933   0.762   0.690   0.974
  37   0.1145   0.1460   0.920   0.796   0.731   0.980
  38   0.1130   0.1341   0.940   0.833   0.764   0.982
  39   0.1114   0.1314   0.943   0.845   0.776   0.982
  40   0.1161   0.1511   0.919   0.794   0.729   0.976
  41   0.1105   0.1345   0.933   0.832   0.768   0.983
  42   0.1072   0.1448   0.911   0.819   0.759   0.982
  43   0.1053   0.1349   0.924   0.835   0.770   0.984
  44   0.1045   0.1398   0.916   0.827   0.763   0.981
  45   0.1025   0.1397   0.942   0.805   0.746   0.983
  46   0.0999   0.1387   0.934   0.819   0.761   0.982
  47   0.0994   0.1512   0.904   0.802   0.746   0.974
  48   0.1005   0.1437   0.921   0.815   0.748   0.980
  49   0.0992   0.1411   0.925   0.816   0.757   0.980
  50   0.0974   0.1435   0.936   0.800   0.748   0.983
  51   0.0975   0.1389   0.910   0.830   0.767   0.984
  52   0.0963   0.1330   0.930   0.844   0.776   0.984
  53   0.0946   0.1406   0.912   0.824   0.764   0.983
  54   0.0952   0.1488   0.888   0.824   0.751   0.984
Early stop @ ep 54
    OOD R²(rg   ) = 0.9323
    OOD R²(nu   ) = 0.8780
    OOD R²(delta) = 0.8539
    OOD R²(a0   ) = 0.7879

Raw results → /home/a/akopkau/kestrel_se/taxonomy_confound_output/seed67/taxonomy_confound_results.csv

=================================================================
SUMMARY  (OOD R²,  mean ± std across seeds)
=================================================================
Condition                        rg        nu     delta        a0
─────────────────────────────────────────────────────────────────
A_bacteria_only            0.868±nan  0.602±nan  0.699±nan  0.283±nan
B_matched_multitaxon       0.910±nan  0.649±nan  0.731±nan  0.388±nan
C_full_bender              0.932±nan  0.878±nan  0.854±nan  0.788±nan

=================================================================
ES_OOD PROXY  (R²_condition / R²_full_BENDER, mean across seeds)
  Interpretation: 1.0 = matches full BENDER; <1.0 = below ceiling
=================================================================
Condition                        rg        nu     delta        a0
─────────────────────────────────────────────────────────────────
A_bacteria_only               0.931     0.686     0.818     0.359
B_matched_multitaxon          0.976     0.739     0.856     0.492
C_full_bender                 1.000     1.000     1.000     1.000

=================================================================
INTERPRETATION GUIDE
  B ≈ C >> A  →  taxonomic diversity drives the gain (not sample size)
  B ≈ A << C  →  sample size drives the gain (not diversity)
  A < B < C   →  both contribute independently
=================================================================
