Array task 2 → seed 67
Device: CUDA

=== Loading BENDER data ===
BENDER: 10272 → 9931 sequences (≤256 aa, all 5 targets present)
BENDER non-OOD:       8916 sequences
BENDER OOD (Viruses): 1015 sequences

=== Loading cached embeddings from /home/a/akopkau/kestrel_se/prott5_emb_cache ===
  non-OOD emb: (8916, 1024)
  OOD emb:     (1015, 1024)

============================================================
SEED 67
============================================================
Cluster-aware split: Train:5895 Val:737 Test:738

Training GeoHead for ProtT5-XL seed=67 (131,845 params)
  Ep      Trn      Val    nu_R2
------------------------------------
   1   0.4793   0.4970    0.363
   2   0.3427   0.3872    0.523
   3   0.2994   0.4241    0.457
   4   0.2704   0.4193    0.468
   5   0.2638   0.3663    0.566
   6   0.2419   0.3345    0.613
   7   0.2266   0.3396    0.609
   8   0.2122   0.3319    0.605
   9   0.2157   0.3374    0.605
  10   0.2002   0.3261    0.620
  11   0.1870   0.3256    0.634
  12   0.1794   0.3287    0.595
  13   0.1814   0.3053    0.641
  14   0.1697   0.3244    0.625
  15   0.1725   0.3267    0.625
  16   0.1587   0.3164    0.644
  17   0.1537   0.3040    0.656
  18   0.1544   0.3208    0.644
  19   0.1562   0.3275    0.607
  20   0.1473   0.3236    0.621
  21   0.1376   0.3200    0.633
  22   0.1326   0.3691    0.541
  23   0.1346   0.3293    0.624
  24   0.1300   0.3216    0.638
  25   0.1260   0.3182    0.631
  26   0.1197   0.3165    0.637
  27   0.1208   0.3237    0.631
  28   0.1201   0.3283    0.621
  29   0.1144   0.3248    0.629
  30   0.1132   0.3225    0.623
  31   0.1098   0.3292    0.608
  32   0.1181   0.3277    0.621
  33   0.1034   0.3152    0.634
  34   0.1049   0.3215    0.629
  35   0.1045   0.3323    0.616
  36   0.0994   0.3425    0.590
  37   0.0975   0.3229    0.619
  38   0.0986   0.3301    0.616
Early stop @ ep 38

-- ProtT5-XL seed=67 -- BENDER TEST (738 sequences) ----------------
  Target           R2
  --               --
  rg           0.9592
  ree          0.9400
  nu           0.6999
  delta        0.6485
  a0           0.5995

-- ProtT5-XL seed=67 -- OOD Viruses (1015 sequences) ----------------
  Target           R2
  --               --
  rg           0.9262
  ree          0.9059
  nu           0.7620
  delta        0.7378
  a0           0.6161

All done. Results in /home/a/akopkau/kestrel_se/results/prott5
