Array task 3 → seed 93
Device: CUDA

=== Loading BENDER data ===
BENDER: 10272 → 9931 sequences (≤256 aa, all 5 targets present)
BENDER non-OOD:       8916 sequences
BENDER OOD (Viruses): 1015 sequences

=== Loading cached embeddings from /home/a/akopkau/kestrel_se/prott5_emb_cache ===
  non-OOD emb: (8916, 1024)
  OOD emb:     (1015, 1024)

============================================================
SEED 93
============================================================
Cluster-aware split: Train:5895 Val:737 Test:738

Training GeoHead for ProtT5-XL seed=93 (131,845 params)
  Ep      Trn      Val    nu_R2
------------------------------------
   1   0.4888   0.3584    0.417
   2   0.3525   0.2807    0.557
   3   0.3022   0.2758    0.564
   4   0.2746   0.2588    0.589
   5   0.2542   0.2367    0.640
   6   0.2375   0.2403    0.635
   7   0.2286   0.2349    0.644
   8   0.2178   0.2511    0.613
   9   0.2165   0.2639    0.593
  10   0.2002   0.2406    0.639
  11   0.1930   0.2267    0.664
  12   0.1833   0.2456    0.623
  13   0.1806   0.2655    0.601
  14   0.1744   0.2303    0.649
  15   0.1673   0.2384    0.633
  16   0.1641   0.2213    0.666
  17   0.1559   0.2360    0.640
  18   0.1520   0.2336    0.642
  19   0.1461   0.2379    0.647
  20   0.1395   0.2409    0.642
  21   0.1381   0.2533    0.610
  22   0.1336   0.2515    0.612
  23   0.1385   0.2343    0.660
  24   0.1308   0.2394    0.637
  25   0.1254   0.2333    0.646
  26   0.1195   0.2294    0.660
  27   0.1225   0.2306    0.655
  28   0.1131   0.2460    0.625
  29   0.1114   0.2347    0.635
  30   0.1119   0.2398    0.632
  31   0.1064   0.2454    0.634
  32   0.1089   0.2426    0.631
  33   0.1041   0.2363    0.647
  34   0.1004   0.2383    0.645
  35   0.0990   0.2472    0.628
  36   0.0956   0.2552    0.607
Early stop @ ep 36

-- ProtT5-XL seed=93 -- BENDER TEST (738 sequences) ----------------
  Target           R2
  --               --
  rg           0.9659
  ree          0.9397
  nu           0.6414
  delta        0.6602
  a0           0.4986

-- ProtT5-XL seed=93 -- OOD Viruses (1015 sequences) ----------------
  Target           R2
  --               --
  rg           0.9366
  ree          0.9215
  nu           0.7835
  delta        0.7666
  a0           0.6373

All done. Results in /home/a/akopkau/kestrel_se/results/prott5
