Array task 1 → seed 42
Device: CUDA

=== Loading BENDER data ===
BENDER: 10272 → 9931 sequences (≤256 aa, all 5 targets present)
BENDER non-OOD:       8916 sequences
BENDER OOD (Viruses): 1015 sequences

=== Loading cached embeddings from /home/a/akopkau/kestrel_se/prott5_emb_cache ===
  non-OOD emb: (8916, 1024)
  OOD emb:     (1015, 1024)

============================================================
SEED 42
============================================================
Cluster-aware split: Train:5895 Val:737 Test:738

Training GeoHead for ProtT5-XL seed=42 (131,845 params)
  Ep      Trn      Val    nu_R2
------------------------------------
   1   0.4881   0.4147    0.392
   2   0.3373   0.3223    0.551
   3   0.2859   0.2943    0.607
   4   0.2646   0.2916    0.599
   5   0.2403   0.3026    0.602
   6   0.2251   0.3724    0.460
   7   0.2243   0.2901    0.615
   8   0.2197   0.2690    0.632
   9   0.2055   0.2702    0.632
  10   0.1958   0.3375    0.519
  11   0.1885   0.2571    0.661
  12   0.1834   0.2607    0.659
  13   0.1749   0.2557    0.659
  14   0.1699   0.3186    0.578
  15   0.1733   0.3010    0.585
  16   0.1569   0.2510    0.663
  17   0.1530   0.2540    0.671
  18   0.1508   0.2697    0.649
  19   0.1424   0.2598    0.656
  20   0.1398   0.2633    0.656
  21   0.1483   0.2690    0.635
  22   0.1393   0.2634    0.654
  23   0.1342   0.2513    0.668
  24   0.1252   0.2848    0.616
  25   0.1211   0.2888    0.618
  26   0.1226   0.3508    0.529
  27   0.1299   0.2751    0.631
  28   0.1205   0.2869    0.614
  29   0.1126   0.2722    0.639
  30   0.1114   0.2773    0.621
  31   0.1048   0.2612    0.649
  32   0.1022   0.2923    0.606
  33   0.1034   0.2618    0.649
Early stop @ ep 33

-- ProtT5-XL seed=42 -- BENDER TEST (738 sequences) ----------------
  Target           R2
  --               --
  rg           0.9660
  ree          0.9293
  nu           0.6273
  delta        0.6563
  a0           0.3998

-- ProtT5-XL seed=42 -- OOD Viruses (1015 sequences) ----------------
  Target           R2
  --               --
  rg           0.9305
  ree          0.9131
  nu           0.7772
  delta        0.7535
  a0           0.6484

All done. Results in /home/a/akopkau/kestrel_se/results/prott5
