Device: CPU

Dataset summary
  Total sequences      : 10,272
  OOD viral (fixed)    : 1,025
  Non-viral pool       : 9,247
  Bacteria (condition A): 2,850

Kingdom breakdown (non-viral):
  Bacteria            : 2,850
  Plants              : 2,480
  Fungi               : 1,507
  Mammals             : 1,361
  Protists            : 1,049

=================================================================
SEED 93
=================================================================

[A] bacteria_only  (n=2,850, 1 kingdom)

Training kestrel_A_bacteria_only_seed93 (2,185,514 params)
  Ep      Trn      Val      Rg      nu       Δ    geff
───────────────────────────────────────────────────────
   1   0.7932   0.6317   0.861   0.077   0.140   0.821
   2   0.6239   0.6221   0.861   0.076   0.148   0.876
   3   0.6627   0.5982   0.840   0.127   0.155   0.875
   4   0.5882   0.5918   0.846   0.115   0.132   0.891
   5   0.5330   0.5023   0.782   0.243   0.264   0.866
   6   0.4595   0.4413   0.788   0.388   0.352   0.917
   7   0.3913   0.4579   0.793   0.468   0.357   0.922
   8   0.3507   0.4098   0.815   0.428   0.366   0.937
   9   0.3467   0.4552   0.741   0.429   0.349   0.891
  10   0.3485   0.3892   0.780   0.541   0.450   0.902
  11   0.3195   0.3901   0.801   0.521   0.378   0.939
  12   0.3061   0.4116   0.781   0.544   0.447   0.911
  13   0.3533   0.3576   0.820   0.560   0.471   0.943
  14   0.2938   0.3328   0.855   0.581   0.486   0.950
  15   0.2912   0.3630   0.819   0.549   0.457   0.920
  16   0.3038   0.3386   0.829   0.598   0.510   0.954
  17   0.3070   0.4253   0.796   0.505   0.380   0.950
  18   0.3025   0.3969   0.752   0.569   0.446   0.922
  19   0.2955   0.4089   0.789   0.545   0.439   0.926
  20   0.3039   0.4024   0.801   0.578   0.435   0.907
  21   0.2833   0.4632   0.754   0.498   0.315   0.902
  22   0.3160   0.3429   0.865   0.588   0.485   0.943
  23   0.2902   0.3434   0.812   0.619   0.502   0.935
  24   0.2699   0.3413   0.771   0.632   0.551   0.900
  25   0.2567   0.3226   0.808   0.660   0.551   0.937
  26   0.2767   0.3199   0.828   0.654   0.560   0.947
  27   0.2529   0.3024   0.799   0.713   0.602   0.958
  28   0.2368   0.2850   0.832   0.712   0.609   0.961
  29   0.2492   0.3380   0.775   0.701   0.615   0.941
  30   0.2631   0.3180   0.777   0.758   0.655   0.941
  31   0.2530   0.2984   0.840   0.704   0.610   0.956
  32   0.2356   0.2561   0.839   0.796   0.681   0.963
  33   0.2179   0.2538   0.896   0.760   0.659   0.972
  34   0.2440   0.2824   0.808   0.734   0.596   0.963
  35   0.2164   0.2464   0.913   0.774   0.669   0.951
  36   0.2265   0.2852   0.722   0.781   0.637   0.942
  37   0.2112   0.2610   0.858   0.766   0.710   0.961
  38   0.2305   0.2280   0.924   0.822   0.718   0.928
  39   0.2087   0.2304   0.901   0.837   0.733   0.962
  40   0.1892   0.2300   0.938   0.804   0.683   0.949
  41   0.2110   0.2372   0.886   0.785   0.723   0.969
  42   0.1963   0.2205   0.936   0.833   0.737   0.959
  43   0.1856   0.2333   0.870   0.827   0.746   0.954
  44   0.1848   0.2180   0.934   0.853   0.731   0.955
  45   0.1835   0.2137   0.950   0.862   0.764   0.963
  46   0.1941   0.2170   0.881   0.859   0.773   0.946
  47   0.1817   0.2426   0.836   0.817   0.731   0.947
  48   0.1781   0.2173   0.955   0.829   0.755   0.964
  49   0.1860   0.2062   0.961   0.846   0.764   0.972
  50   0.1760   0.2120   0.952   0.847   0.750   0.962
  51   0.1758   0.2182   0.945   0.827   0.743   0.961
  52   0.1690   0.2159   0.942   0.870   0.770   0.944
  53   0.1722   0.2115   0.943   0.858   0.755   0.968
  54   0.1672   0.2026   0.961   0.880   0.785   0.960
  55   0.1889   0.2162   0.958   0.864   0.764   0.973
  56   0.1796   0.2071   0.958   0.834   0.729   0.960
  57   0.1704   0.2148   0.957   0.863   0.759   0.970
  58   0.1778   0.1964   0.969   0.868   0.761   0.972
  59   0.1609   0.2041   0.954   0.877   0.777   0.968
  60   0.1590   0.1919   0.966   0.892   0.798   0.977
  61   0.1552   0.1976   0.967   0.880   0.805   0.971
  62   0.1639   0.1924   0.969   0.874   0.792   0.976
  63   0.1568   0.1907   0.964   0.894   0.805   0.966
  64   0.1486   0.1879   0.966   0.893   0.814   0.975
  65   0.1534   0.1881   0.969   0.898   0.810   0.969
  66   0.1583   0.1850   0.973   0.891   0.805   0.975
  67   0.1458   0.1885   0.967   0.890   0.793   0.975
  68   0.1828   0.1885   0.963   0.888   0.797   0.975
  69   0.1554   0.1934   0.968   0.887   0.798   0.975
  70   0.1481   0.1954   0.961   0.884   0.793   0.965
  71   0.1567   0.1911   0.966   0.893   0.811   0.976
  72   0.1412   0.1897   0.972   0.894   0.816   0.974
  73   0.1440   0.1892   0.969   0.888   0.804   0.972
  74   0.1484   0.1876   0.972   0.893   0.807   0.974
  75   0.1580   0.1857   0.972   0.901   0.812   0.977
  76   0.1412   0.1874   0.976   0.897   0.811   0.974
  77   0.1378   0.1869   0.974   0.897   0.814   0.972
  78   0.1443   0.1862   0.976   0.893   0.807   0.975
  79   0.1397   0.1870   0.976   0.892   0.810   0.975
  80   0.1473   0.1870   0.972   0.898   0.814   0.972
  81   0.1450   0.1857   0.974   0.894   0.811   0.975
  82   0.1447   0.1857   0.974   0.893   0.808   0.976
  83   0.1410   0.1842   0.975   0.896   0.815   0.974
  84   0.1518   0.1840   0.973   0.896   0.814   0.975
  85   0.1536   0.1863   0.974   0.896   0.817   0.975
  86   0.1376   0.1836   0.972   0.899   0.817   0.976
  87   0.1522   0.1852   0.972   0.896   0.817   0.975
  88   0.1375   0.1850   0.971   0.901   0.817   0.974
  89   0.1397   0.1838   0.972   0.900   0.818   0.977
  90   0.1493   0.1849   0.973   0.897   0.816   0.976
  91   0.1507   0.1825   0.973   0.901   0.820   0.976
  92   0.1520   0.1832   0.973   0.901   0.819   0.975
  93   0.1396   0.1841   0.973   0.900   0.819   0.975
  94   0.1388   0.1846   0.973   0.899   0.819   0.975
  95   0.1397   0.1848   0.973   0.899   0.819   0.974
  96   0.1374   0.1847   0.974   0.899   0.819   0.974
  97   0.1430   0.1844   0.974   0.900   0.819   0.974
  98   0.1450   0.1842   0.974   0.900   0.819   0.975
  99   0.1601   0.1843   0.974   0.900   0.819   0.975
 100   0.1425   0.1843   0.974   0.900   0.819   0.975
    OOD R²(rg   ) = 0.8588
    OOD R²(nu   ) = 0.5666
    OOD R²(delta) = 0.6812
    OOD R²(a0   ) = 0.1948

[B] matched_multitaxon  (n=2,850, proportional across all taxa)
    Kingdom distribution in matched sample:
      Bacteria            : 878
      Plants              : 764
      Fungi               : 465
      Mammals             : 420
      Protists            : 323

Training kestrel_B_matched_multitaxon_seed93 (2,185,578 params)
  Ep      Trn      Val      Rg      nu       Δ    geff
───────────────────────────────────────────────────────
   1   0.7422   0.7711   0.645   0.103   0.164   0.847
   2   0.7517   0.7275   0.757   0.080   0.126   0.861
   3   0.6580   0.6925   0.812   0.099   0.174   0.908
   4   0.8857   0.6285   0.834   0.088   0.193   0.922
   5   0.4718   0.5803   0.841   0.147   0.266   0.926
   6   0.4502   0.5507   0.862   0.152   0.279   0.942
   7   0.4365   0.6067   0.781   0.145   0.248   0.891
   8   0.4486   0.5392   0.859   0.159   0.271   0.942
   9   0.4103   0.5690   0.762   0.158   0.257   0.904
  10   0.4158   0.5063   0.827   0.166   0.283   0.928
  11   0.4220   0.5079   0.867   0.147   0.260   0.944
  12   0.4140   0.4873   0.853   0.175   0.285   0.914
  13   0.3815   0.4860   0.863   0.160   0.282   0.936
  14   0.4178   0.4908   0.872   0.174   0.284   0.950
  15   0.3807   0.4916   0.825   0.169   0.294   0.922
  16   0.3671   0.4849   0.864   0.165   0.288   0.939
  17   0.4113   0.5404   0.828   0.166   0.278   0.899
  18   0.5095   0.4965   0.858   0.164   0.292   0.948
  19   0.3739   0.5087   0.866   0.155   0.279   0.946
  20   0.3677   0.4984   0.858   0.135   0.270   0.947
  21   0.3901   0.5847   0.833   0.078   0.127   0.929
  22   0.4130   0.4834   0.858   0.194   0.289   0.913
  23   0.3459   0.5094   0.848   0.204   0.305   0.914
  24   0.3612   0.4703   0.869   0.256   0.315   0.929
  25   0.3351   0.5063   0.858   0.151   0.234   0.934
  26   0.4625   0.4622   0.867   0.270   0.304   0.949
  27   0.3068   0.4425   0.867   0.286   0.329   0.949
  28   0.3150   0.4856   0.866   0.190   0.298   0.952
  29   0.4411   0.4395   0.879   0.260   0.324   0.954
  30   0.3082   0.5087   0.838   0.225   0.279   0.946
  31   0.3171   0.4736   0.800   0.243   0.288   0.937
  32   0.4061   0.4835   0.853   0.265   0.291   0.935
  33   0.2978   0.4424   0.860   0.283   0.348   0.951
  34   0.2714   0.4833   0.823   0.197   0.270   0.928
  35   0.3273   0.4583   0.866   0.249   0.304   0.950
  36   0.2927   0.4739   0.849   0.274   0.305   0.935
  37   0.2664   0.4779   0.789   0.235   0.299   0.938
  38   0.2557   0.4161   0.871   0.368   0.396   0.936
  39   0.2734   0.4034   0.882   0.341   0.372   0.955
  40   0.2521   0.4117   0.874   0.366   0.378   0.946
  41   0.2603   0.3872   0.873   0.409   0.408   0.945
  42   0.2521   0.4007   0.849   0.382   0.414   0.936
  43   0.2603   0.4047   0.883   0.392   0.445   0.951
  44   0.2253   0.3816   0.897   0.410   0.447   0.954
  45   0.2191   0.3741   0.906   0.443   0.469   0.964
  46   0.2238   0.3887   0.900   0.413   0.440   0.958
  47   0.2080   0.3668   0.904   0.475   0.499   0.963
  48   0.2043   0.3830   0.872   0.418   0.462   0.952
  49   0.2022   0.3746   0.893   0.405   0.454   0.952
  50   0.2024   0.3489   0.919   0.484   0.516   0.961
  51   0.1766   0.3340   0.926   0.485   0.548   0.963
  52   0.1872   0.3551   0.902   0.451   0.493   0.961
  53   0.1854   0.3468   0.912   0.447   0.490   0.961
  54   0.1721   0.3379   0.913   0.495   0.524   0.955
  55   0.1741   0.3425   0.926   0.470   0.526   0.967
  56   0.1589   0.3540   0.908   0.435   0.451   0.965
  57   0.1783   0.3377   0.917   0.494   0.531   0.968
  58   0.1634   0.3083   0.930   0.535   0.558   0.969
  59   0.1686   0.3070   0.931   0.555   0.584   0.970
  60   0.1643   0.3469   0.921   0.468   0.519   0.952
  61   0.1550   0.2958   0.937   0.564   0.593   0.970
  62   0.1473   0.3043   0.934   0.577   0.588   0.970
  63   0.1429   0.2977   0.945   0.603   0.610   0.962
  64   0.1435   0.2914   0.936   0.606   0.616   0.972
  65   0.1406   0.3136   0.918   0.527   0.529   0.966
  66   0.1418   0.2841   0.934   0.596   0.602   0.972
  67   0.1386   0.2809   0.937   0.601   0.600   0.973
  68   0.1384   0.2844   0.933   0.603   0.600   0.970
  69   0.1371   0.3043   0.930   0.591   0.563   0.962
  70   0.1510   0.3030   0.937   0.572   0.576   0.974
  71   0.1435   0.2719   0.945   0.631   0.631   0.975
  72   0.1373   0.2767   0.942   0.625   0.624   0.966
  73   0.1307   0.2613   0.940   0.657   0.647   0.974
  74   0.1326   0.2771   0.940   0.621   0.606   0.974
  75   0.1289   0.2688   0.932   0.649   0.635   0.972
  76   0.1374   0.2803   0.943   0.617   0.609   0.975
  77   0.1375   0.2801   0.945   0.634   0.625   0.972
  78   0.1426   0.2732   0.935   0.619   0.600   0.972
  79   0.1254   0.2669   0.943   0.636   0.619   0.976
  80   0.1458   0.2663   0.942   0.630   0.618   0.973
  81   0.1286   0.2661   0.944   0.645   0.628   0.974
  82   0.1259   0.2649   0.941   0.652   0.623   0.975
  83   0.1350   0.2612   0.946   0.647   0.639   0.973
  84   0.1794   0.2579   0.943   0.668   0.650   0.976
  85   0.1263   0.2646   0.943   0.651   0.634   0.975
  86   0.1361   0.2634   0.944   0.644   0.630   0.976
  87   0.1405   0.2609   0.946   0.665   0.637   0.976
  88   0.1212   0.2629   0.947   0.649   0.632   0.975
  89   0.1336   0.2590   0.944   0.660   0.638   0.976
  90   0.1254   0.2618   0.943   0.647   0.629   0.975
  91   0.1233   0.2631   0.944   0.649   0.628   0.974
  92   0.1214   0.2608   0.945   0.654   0.632   0.975
  93   0.1367   0.2593   0.945   0.654   0.633   0.976
  94   0.1365   0.2591   0.947   0.656   0.637   0.976
  95   0.1333   0.2590   0.946   0.657   0.637   0.976
  96   0.1192   0.2584   0.946   0.658   0.637   0.976
  97   0.1206   0.2586   0.946   0.657   0.636   0.976
  98   0.1261   0.2587   0.946   0.658   0.637   0.976
  99   0.1203   0.2588   0.946   0.658   0.637   0.976
 100   0.1311   0.2588   0.946   0.658   0.637   0.976
    OOD R²(rg   ) = 0.9124
    OOD R²(nu   ) = 0.5655
    OOD R²(delta) = 0.6609
    OOD R²(a0   ) = 0.2368

[C] full_bender  (n=9,247, all taxa)

Training kestrel_C_full_bender_seed93 (2,185,578 params)
  Ep      Trn      Val      Rg      nu       Δ    geff
───────────────────────────────────────────────────────
   1   0.6548   0.4872   0.822   0.117   0.205   0.914
   2   0.5157   0.4538   0.845   0.149   0.253   0.940
   3   0.4555   0.4399   0.842   0.168   0.270   0.944
   4   0.4364   0.4406   0.806   0.163   0.261   0.923
   5   0.4218   0.4178   0.851   0.181   0.274   0.928
   6   0.4319   0.4190   0.822   0.208   0.285   0.903
   7   0.3977   0.3926   0.857   0.306   0.277   0.945
   8   0.3732   0.3521   0.840   0.435   0.404   0.944
   9   0.3454   0.3770   0.865   0.403   0.369   0.935
  10   0.3287   0.3281   0.885   0.508   0.472   0.943
  11   0.3135   0.3122   0.893   0.513   0.486   0.950
  12   0.2972   0.2519   0.905   0.603   0.581   0.965
  13   0.2615   0.2801   0.909   0.590   0.461   0.962
  14   0.2488   0.2383   0.919   0.640   0.648   0.940
  15   0.2301   0.2073   0.924   0.712   0.663   0.954
  16   0.2213   0.1864   0.942   0.743   0.708   0.962
  17   0.2153   0.2012   0.919   0.757   0.691   0.961
  18   0.2149   0.2019   0.930   0.736   0.677   0.953
  19   0.1961   0.2098   0.924   0.708   0.673   0.968
  20   0.1827   0.1706   0.946   0.781   0.730   0.973
  21   0.1809   0.1742   0.935   0.774   0.726   0.972
  22   0.1717   0.1820   0.936   0.759   0.725   0.963
  23   0.1600   0.1680   0.946   0.783   0.741   0.974
  24   0.1542   0.1812   0.944   0.794   0.739   0.961
  25   0.1497   0.1637   0.942   0.807   0.762   0.973
  26   0.1567   0.1718   0.945   0.800   0.752   0.961
  27   0.1431   0.1744   0.939   0.771   0.737   0.974
  28   0.1496   0.2115   0.879   0.760   0.704   0.973
  29   0.1487   0.1792   0.940   0.794   0.752   0.974
  30   0.1369   0.1569   0.948   0.814   0.769   0.976
  31   0.1340   0.1669   0.944   0.793   0.750   0.973
  32   0.1292   0.1670   0.932   0.817   0.773   0.945
  33   0.1301   0.1704   0.918   0.812   0.764   0.966
  34   0.1262   0.1623   0.954   0.808   0.771   0.979
  35   0.1252   0.1722   0.944   0.789   0.755   0.970
  36   0.1235   0.1637   0.946   0.811   0.766   0.975
  37   0.1253   0.1729   0.922   0.806   0.772   0.975
  38   0.1200   0.1683   0.932   0.815   0.774   0.973
  39   0.1168   0.1603   0.936   0.811   0.766   0.972
  40   0.1163   0.1664   0.941   0.816   0.774   0.979
  41   0.1129   0.1636   0.946   0.815   0.767   0.978
  42   0.1120   0.1615   0.930   0.814   0.776   0.982
  43   0.1138   0.1648   0.933   0.816   0.761   0.975
  44   0.1089   0.1560   0.938   0.826   0.783   0.979
  45   0.1061   0.1600   0.955   0.815   0.778   0.981
  46   0.1071   0.1618   0.935   0.811   0.773   0.979
  47   0.1060   0.1580   0.913   0.826   0.793   0.979
  48   0.1040   0.1674   0.920   0.816   0.775   0.976
  49   0.1020   0.1573   0.954   0.824   0.777   0.981
  50   0.0999   0.1516   0.943   0.834   0.790   0.978
  51   0.0993   0.1561   0.954   0.824   0.787   0.978
  52   0.0971   0.1472   0.951   0.838   0.785   0.980
  53   0.0981   0.1563   0.946   0.825   0.781   0.980
  54   0.0970   0.1600   0.923   0.833   0.789   0.977
  55   0.0961   0.1567   0.946   0.832   0.794   0.983
  56   0.0951   0.1520   0.951   0.835   0.794   0.979
  57   0.0942   0.1505   0.940   0.840   0.799   0.983
  58   0.0937   0.1480   0.941   0.846   0.796   0.980
  59   0.0927   0.1541   0.934   0.843   0.801   0.982
  60   0.0921   0.1437   0.948   0.856   0.810   0.983
  61   0.0919   0.1451   0.953   0.845   0.801   0.983
  62   0.0916   0.1454   0.956   0.848   0.804   0.982
  63   0.0905   0.1478   0.945   0.849   0.804   0.980
  64   0.0897   0.1536   0.953   0.840   0.788   0.976
  65   0.0893   0.1479   0.943   0.854   0.800   0.984
  66   0.0891   0.1556   0.935   0.835   0.782   0.982
  67   0.0885   0.1465   0.951   0.850   0.798   0.983
  68   0.0872   0.1468   0.946   0.846   0.799   0.980
  69   0.0868   0.1477   0.947   0.848   0.798   0.983
  70   0.0865   0.1499   0.935   0.848   0.797   0.982
  71   0.0858   0.1502   0.950   0.842   0.800   0.982
  72   0.0854   0.1468   0.955   0.848   0.798   0.982
  73   0.0846   0.1435   0.948   0.851   0.805   0.982
  74   0.0847   0.1469   0.951   0.844   0.791   0.983
  75   0.0850   0.1494   0.950   0.843   0.787   0.983
  76   0.0836   0.1451   0.947   0.852   0.802   0.983
  77   0.0836   0.1447   0.949   0.851   0.803   0.982
Early stop @ ep 77
    OOD R²(rg   ) = 0.9445
    OOD R²(nu   ) = 0.9011
    OOD R²(delta) = 0.8634
    OOD R²(a0   ) = 0.8205

Raw results → /home/a/akopkau/kestrel_se/taxonomy_confound_output/seed93/taxonomy_confound_results.csv

=================================================================
SUMMARY  (OOD R²,  mean ± std across seeds)
=================================================================
Condition                        rg        nu     delta        a0
─────────────────────────────────────────────────────────────────
A_bacteria_only            0.859±nan  0.567±nan  0.681±nan  0.195±nan
B_matched_multitaxon       0.912±nan  0.566±nan  0.661±nan  0.237±nan
C_full_bender              0.944±nan  0.901±nan  0.863±nan  0.820±nan

=================================================================
ES_OOD PROXY  (R²_condition / R²_full_BENDER, mean across seeds)
  Interpretation: 1.0 = matches full BENDER; <1.0 = below ceiling
=================================================================
Condition                        rg        nu     delta        a0
─────────────────────────────────────────────────────────────────
A_bacteria_only               0.909     0.629     0.789     0.237
B_matched_multitaxon          0.966     0.628     0.766     0.289
C_full_bender                 1.000     1.000     1.000     1.000

=================================================================
INTERPRETATION GUIDE
  B ≈ C >> A  →  taxonomic diversity drives the gain (not sample size)
  B ≈ A << C  →  sample size drives the gain (not diversity)
  A < B < C   →  both contribute independently
=================================================================
