Array task 1 → seed 42
Device: CUDA

=== Loading BENDER data ===
BENDER: 992 → 992 sequences (≤256 aa, all 5 targets present)
BENDER non-OOD:       829 sequences
BENDER OOD (Viruses): 163 sequences

=== Loading cached embeddings from /home/a/akopkau/kestrel_se/prott5_emb_cache ===
  non-OOD emb: (829, 1024)
  OOD emb:     (163, 1024)

============================================================
SEED 42
============================================================
Random split: Train:663 Val:82 Test:84

Training GeoHead for ProtT5-XL seed=42 (131,845 params)
  Ep      Trn      Val    nu_R2
------------------------------------
   1   0.8802   0.7560    0.292
   2   0.7185   0.7982    0.280
   3   0.6718   0.8214    0.250
   4   0.6421   0.8150    0.292
   5   0.6151   0.9089    0.123
   6   0.6066   0.8017    0.184
   7   0.5795   0.8349    0.240
   8   0.5571   0.9607    0.077
   9   0.5247   0.8788    0.187
  10   0.4948   0.8427    0.257
  11   0.4763   1.0478   -0.059
  12   0.4433   0.8986    0.126
  13   0.4377   0.9653    0.014
  14   0.3930   1.1107   -0.306
  15   0.3773   1.1696   -0.324
  16   0.3620   1.0263   -0.128
  17   0.3399   1.1148   -0.290
  18   0.3095   0.9649   -0.079
  19   0.2905   1.0117   -0.113
  20   0.2679   1.0304   -0.130
  21   0.2648   0.9848   -0.010
Early stop @ ep 21

-- ProtT5-XL seed=42 -- BENDER TEST (84 sequences) ----------------
  Target           R2
  --               --
  rg           0.1232
  ree          0.1565
  nu           0.5564
  delta        0.0510
  a0           0.5056
  Saved per-sequence predictions → /home/a/akopkau/kestrel_se/results/prott5_newdataset/prott5xl_seed42_bender_test_predictions.csv

-- ProtT5-XL seed=42 -- OOD Viruses (163 sequences) ----------------
  Target           R2
  --               --
  rg           0.1017
  ree          0.1438
  nu           0.3550
  delta        0.0279
  a0           0.4307
  Saved per-sequence predictions → /home/a/akopkau/kestrel_se/results/prott5_newdataset/prott5xl_seed42_ood_viruses_predictions.csv

All done. Results in /home/a/akopkau/kestrel_se/results/prott5_newdataset
