=== GeoGraph — BENDER training ===
Seed: 93   Task ID: 2
Start: Wed Sep 16 09:18:51 EDT 2026
Loading data...
After length filter (<= 256): 9931 proteins
After dropping NaN targets: 9922 proteins

Creating splits...
Splits: train=7125, val=891, test=891, ood_virus=1015
Computing residue feature stats from training set...

Building model...
Model parameters: 2,185,765

Training for 100 epochs on cuda
Total steps: 1400, warmup: 200
Epoch   1 | train_loss=1.9867 | val_loss=1.8936 | val_geo_R²=0.0527 | lr=2.58e-05
  -> New best model saved (val_loss=1.8936)
Epoch   2 | train_loss=1.8066 | val_loss=1.7232 | val_geo_R²=0.1479 | lr=4.31e-05
  -> New best model saved (val_loss=1.7232)
Epoch   3 | train_loss=1.6053 | val_loss=1.5542 | val_geo_R²=0.2631 | lr=7.09e-05
  -> New best model saved (val_loss=1.5542)
Epoch   4 | train_loss=1.4443 | val_loss=1.4146 | val_geo_R²=0.3423 | lr=1.08e-04
  -> New best model saved (val_loss=1.4146)
Epoch   5 | train_loss=1.3430 | val_loss=1.2553 | val_geo_R²=0.4437 | lr=1.52e-04
  -> New best model saved (val_loss=1.2553)
Epoch   6 | train_loss=1.2290 | val_loss=1.2098 | val_geo_R²=0.4828 | lr=2.02e-04
  -> New best model saved (val_loss=1.2098)
Epoch   7 | train_loss=1.1793 | val_loss=1.2075 | val_geo_R²=0.5209 | lr=2.54e-04
  -> New best model saved (val_loss=1.2075)
Epoch   8 | train_loss=1.1389 | val_loss=1.0736 | val_geo_R²=0.6043 | lr=3.07e-04
  -> New best model saved (val_loss=1.0736)
Epoch   9 | train_loss=1.0198 | val_loss=1.1375 | val_geo_R²=0.4742 | lr=3.58e-04
Epoch  10 | train_loss=0.9971 | val_loss=0.9718 | val_geo_R²=0.6357 | lr=4.03e-04
  -> New best model saved (val_loss=0.9718)
Epoch  11 | train_loss=0.8743 | val_loss=0.8276 | val_geo_R²=0.6557 | lr=4.42e-04
  -> New best model saved (val_loss=0.8276)
Epoch  12 | train_loss=0.7814 | val_loss=0.8469 | val_geo_R²=0.6338 | lr=4.72e-04
Epoch  13 | train_loss=0.7574 | val_loss=0.7224 | val_geo_R²=0.6778 | lr=4.91e-04
  -> New best model saved (val_loss=0.7224)
Epoch  14 | train_loss=0.7068 | val_loss=0.7551 | val_geo_R²=0.7099 | lr=5.00e-04
Epoch  15 | train_loss=0.6769 | val_loss=0.7005 | val_geo_R²=0.7027 | lr=5.00e-04
  -> New best model saved (val_loss=0.7005)
Epoch  16 | train_loss=0.6415 | val_loss=0.6558 | val_geo_R²=0.7617 | lr=4.99e-04
  -> New best model saved (val_loss=0.6558)
Epoch  17 | train_loss=0.6049 | val_loss=0.6061 | val_geo_R²=0.8132 | lr=4.99e-04
  -> New best model saved (val_loss=0.6061)
Epoch  18 | train_loss=0.5736 | val_loss=0.6186 | val_geo_R²=0.8017 | lr=4.98e-04
Epoch  19 | train_loss=0.5719 | val_loss=0.5676 | val_geo_R²=0.8383 | lr=4.96e-04
  -> New best model saved (val_loss=0.5676)
Epoch  20 | train_loss=0.5644 | val_loss=0.6144 | val_geo_R²=0.7783 | lr=4.94e-04
Epoch  21 | train_loss=0.5639 | val_loss=0.5820 | val_geo_R²=0.8271 | lr=4.92e-04
Epoch  22 | train_loss=0.5494 | val_loss=0.5748 | val_geo_R²=0.8173 | lr=4.90e-04
Epoch  23 | train_loss=0.5305 | val_loss=0.5823 | val_geo_R²=0.7908 | lr=4.87e-04
Epoch  24 | train_loss=0.5307 | val_loss=0.5815 | val_geo_R²=0.8387 | lr=4.84e-04
Epoch  25 | train_loss=0.5243 | val_loss=0.5553 | val_geo_R²=0.8429 | lr=4.81e-04
  -> New best model saved (val_loss=0.5553)
Epoch  26 | train_loss=0.5184 | val_loss=0.5332 | val_geo_R²=0.8614 | lr=4.77e-04
  -> New best model saved (val_loss=0.5332)
Epoch  27 | train_loss=0.4955 | val_loss=0.5277 | val_geo_R²=0.8732 | lr=4.73e-04
  -> New best model saved (val_loss=0.5277)
Epoch  28 | train_loss=0.5045 | val_loss=0.5317 | val_geo_R²=0.8611 | lr=4.69e-04
Epoch  29 | train_loss=0.4897 | val_loss=0.5234 | val_geo_R²=0.8749 | lr=4.64e-04
  -> New best model saved (val_loss=0.5234)
Epoch  30 | train_loss=0.4813 | val_loss=0.5353 | val_geo_R²=0.8672 | lr=4.59e-04
Epoch  31 | train_loss=0.4856 | val_loss=0.5076 | val_geo_R²=0.8591 | lr=4.54e-04
  -> New best model saved (val_loss=0.5076)
Epoch  32 | train_loss=0.4714 | val_loss=0.4985 | val_geo_R²=0.8736 | lr=4.49e-04
  -> New best model saved (val_loss=0.4985)
Epoch  33 | train_loss=0.4665 | val_loss=0.4909 | val_geo_R²=0.8737 | lr=4.43e-04
  -> New best model saved (val_loss=0.4909)
Epoch  34 | train_loss=0.4660 | val_loss=0.4927 | val_geo_R²=0.8777 | lr=4.37e-04
Epoch  35 | train_loss=0.4593 | val_loss=0.4893 | val_geo_R²=0.8882 | lr=4.31e-04
  -> New best model saved (val_loss=0.4893)
Epoch  36 | train_loss=0.4545 | val_loss=0.4737 | val_geo_R²=0.8842 | lr=4.24e-04
  -> New best model saved (val_loss=0.4737)
Epoch  37 | train_loss=0.4484 | val_loss=0.4783 | val_geo_R²=0.8788 | lr=4.18e-04
Epoch  38 | train_loss=0.4364 | val_loss=0.4739 | val_geo_R²=0.8882 | lr=4.11e-04
Epoch  39 | train_loss=0.4415 | val_loss=0.4694 | val_geo_R²=0.8896 | lr=4.04e-04
  -> New best model saved (val_loss=0.4694)
Epoch  40 | train_loss=0.4330 | val_loss=0.4688 | val_geo_R²=0.9028 | lr=3.96e-04
  -> New best model saved (val_loss=0.4688)
Epoch  41 | train_loss=0.4308 | val_loss=0.4580 | val_geo_R²=0.9003 | lr=3.89e-04
  -> New best model saved (val_loss=0.4580)
Epoch  42 | train_loss=0.4249 | val_loss=0.4610 | val_geo_R²=0.8947 | lr=3.81e-04
Epoch  43 | train_loss=0.4234 | val_loss=0.4700 | val_geo_R²=0.8940 | lr=3.73e-04
Epoch  44 | train_loss=0.4174 | val_loss=0.4610 | val_geo_R²=0.9087 | lr=3.65e-04
Epoch  45 | train_loss=0.4150 | val_loss=0.4518 | val_geo_R²=0.9046 | lr=3.57e-04
  -> New best model saved (val_loss=0.4518)
Epoch  46 | train_loss=0.4109 | val_loss=0.4603 | val_geo_R²=0.9016 | lr=3.49e-04
Epoch  47 | train_loss=0.4121 | val_loss=0.4561 | val_geo_R²=0.9006 | lr=3.40e-04
Epoch  48 | train_loss=0.4071 | val_loss=0.4406 | val_geo_R²=0.9069 | lr=3.32e-04
  -> New best model saved (val_loss=0.4406)
Epoch  49 | train_loss=0.4032 | val_loss=0.4474 | val_geo_R²=0.9146 | lr=3.23e-04
Epoch  50 | train_loss=0.4021 | val_loss=0.4443 | val_geo_R²=0.9136 | lr=3.14e-04
Epoch  51 | train_loss=0.3937 | val_loss=0.4421 | val_geo_R²=0.9110 | lr=3.05e-04
Epoch  52 | train_loss=0.3909 | val_loss=0.4360 | val_geo_R²=0.9136 | lr=2.96e-04
  -> New best model saved (val_loss=0.4360)
Epoch  53 | train_loss=0.3873 | val_loss=0.4402 | val_geo_R²=0.9150 | lr=2.87e-04
Epoch  54 | train_loss=0.3880 | val_loss=0.4443 | val_geo_R²=0.9113 | lr=2.78e-04
Epoch  55 | train_loss=0.3836 | val_loss=0.4312 | val_geo_R²=0.9165 | lr=2.69e-04
  -> New best model saved (val_loss=0.4312)
Epoch  56 | train_loss=0.3860 | val_loss=0.4302 | val_geo_R²=0.9126 | lr=2.60e-04
  -> New best model saved (val_loss=0.4302)
Epoch  57 | train_loss=0.3807 | val_loss=0.4364 | val_geo_R²=0.9169 | lr=2.51e-04
Epoch  58 | train_loss=0.3764 | val_loss=0.4282 | val_geo_R²=0.9180 | lr=2.41e-04
  -> New best model saved (val_loss=0.4282)
Epoch  59 | train_loss=0.3701 | val_loss=0.4264 | val_geo_R²=0.9135 | lr=2.32e-04
  -> New best model saved (val_loss=0.4264)
Epoch  60 | train_loss=0.3712 | val_loss=0.4269 | val_geo_R²=0.9176 | lr=2.23e-04
Epoch  61 | train_loss=0.3666 | val_loss=0.4212 | val_geo_R²=0.9215 | lr=2.14e-04
  -> New best model saved (val_loss=0.4212)
Epoch  62 | train_loss=0.3640 | val_loss=0.4210 | val_geo_R²=0.9181 | lr=2.05e-04
  -> New best model saved (val_loss=0.4210)
Epoch  63 | train_loss=0.3610 | val_loss=0.4233 | val_geo_R²=0.9200 | lr=1.96e-04
Epoch  64 | train_loss=0.3582 | val_loss=0.4111 | val_geo_R²=0.9218 | lr=1.87e-04
  -> New best model saved (val_loss=0.4111)
Epoch  65 | train_loss=0.3568 | val_loss=0.4251 | val_geo_R²=0.9190 | lr=1.78e-04
Epoch  66 | train_loss=0.3546 | val_loss=0.4126 | val_geo_R²=0.9227 | lr=1.70e-04
Epoch  67 | train_loss=0.3522 | val_loss=0.4106 | val_geo_R²=0.9224 | lr=1.61e-04
  -> New best model saved (val_loss=0.4106)
Epoch  68 | train_loss=0.3506 | val_loss=0.4118 | val_geo_R²=0.9226 | lr=1.53e-04
Epoch  69 | train_loss=0.3489 | val_loss=0.4114 | val_geo_R²=0.9241 | lr=1.44e-04
Epoch  70 | train_loss=0.3474 | val_loss=0.4168 | val_geo_R²=0.9185 | lr=1.36e-04
Epoch  71 | train_loss=0.3457 | val_loss=0.4132 | val_geo_R²=0.9206 | lr=1.28e-04
Epoch  72 | train_loss=0.3437 | val_loss=0.4070 | val_geo_R²=0.9247 | lr=1.20e-04
  -> New best model saved (val_loss=0.4070)
Epoch  73 | train_loss=0.3427 | val_loss=0.4047 | val_geo_R²=0.9240 | lr=1.12e-04
  -> New best model saved (val_loss=0.4047)
Epoch  74 | train_loss=0.3402 | val_loss=0.4073 | val_geo_R²=0.9220 | lr=1.05e-04
Epoch  75 | train_loss=0.3383 | val_loss=0.4085 | val_geo_R²=0.9235 | lr=9.73e-05
Epoch  76 | train_loss=0.3380 | val_loss=0.4102 | val_geo_R²=0.9209 | lr=9.01e-05
Epoch  77 | train_loss=0.3362 | val_loss=0.4054 | val_geo_R²=0.9243 | lr=8.32e-05
Epoch  78 | train_loss=0.3362 | val_loss=0.4051 | val_geo_R²=0.9238 | lr=7.65e-05
Epoch  79 | train_loss=0.3351 | val_loss=0.4026 | val_geo_R²=0.9230 | lr=7.00e-05
  -> New best model saved (val_loss=0.4026)
Epoch  80 | train_loss=0.3327 | val_loss=0.4026 | val_geo_R²=0.9230 | lr=6.38e-05
Epoch  81 | train_loss=0.3313 | val_loss=0.4024 | val_geo_R²=0.9239 | lr=5.78e-05
  -> New best model saved (val_loss=0.4024)
Epoch  82 | train_loss=0.3311 | val_loss=0.4020 | val_geo_R²=0.9239 | lr=5.21e-05
  -> New best model saved (val_loss=0.4020)
Epoch  83 | train_loss=0.3299 | val_loss=0.4026 | val_geo_R²=0.9221 | lr=4.66e-05
Epoch  84 | train_loss=0.3299 | val_loss=0.4017 | val_geo_R²=0.9247 | lr=4.14e-05
  -> New best model saved (val_loss=0.4017)
Epoch  85 | train_loss=0.3291 | val_loss=0.4018 | val_geo_R²=0.9229 | lr=3.65e-05
Epoch  86 | train_loss=0.3290 | val_loss=0.4010 | val_geo_R²=0.9244 | lr=3.19e-05
  -> New best model saved (val_loss=0.4010)
Epoch  87 | train_loss=0.3286 | val_loss=0.4020 | val_geo_R²=0.9246 | lr=2.75e-05
Epoch  88 | train_loss=0.3266 | val_loss=0.3991 | val_geo_R²=0.9245 | lr=2.35e-05
  -> New best model saved (val_loss=0.3991)
Epoch  89 | train_loss=0.3270 | val_loss=0.3998 | val_geo_R²=0.9239 | lr=1.98e-05
Epoch  90 | train_loss=0.3265 | val_loss=0.4011 | val_geo_R²=0.9240 | lr=1.64e-05
Epoch  91 | train_loss=0.3263 | val_loss=0.3999 | val_geo_R²=0.9241 | lr=1.33e-05
Epoch  92 | train_loss=0.3254 | val_loss=0.3991 | val_geo_R²=0.9242 | lr=1.05e-05
  -> New best model saved (val_loss=0.3991)
Epoch  93 | train_loss=0.3253 | val_loss=0.3992 | val_geo_R²=0.9247 | lr=8.02e-06
Epoch  94 | train_loss=0.3241 | val_loss=0.3998 | val_geo_R²=0.9249 | lr=5.88e-06
Epoch  95 | train_loss=0.3254 | val_loss=0.3995 | val_geo_R²=0.9247 | lr=4.07e-06
Epoch  96 | train_loss=0.3248 | val_loss=0.3990 | val_geo_R²=0.9247 | lr=2.59e-06
  -> New best model saved (val_loss=0.3990)
Epoch  97 | train_loss=0.3243 | val_loss=0.3997 | val_geo_R²=0.9247 | lr=1.44e-06
Epoch  98 | train_loss=0.3244 | val_loss=0.3998 | val_geo_R²=0.9246 | lr=6.26e-07
Epoch  99 | train_loss=0.3252 | val_loss=0.3998 | val_geo_R²=0.9246 | lr=1.47e-07
Epoch 100 | train_loss=0.3248 | val_loss=0.3998 | val_geo_R²=0.9246 | lr=2.86e-09

============================================================
Final evaluation on test and OOD sets
============================================================

TEST set:
  Loss: 0.4154
  R² per feature:
    [GEO] end_to_end_distance: 0.9810
    [GEO] radius_of_gyration: 0.9911
    [GEO] asphericity: 0.8676
    [GEO] scaling_law_exponent: 0.9277
    [GEO] scaling_law_prefactor: 0.9152
    [GRF] fragmentation_index: 0.7074
    [GRF] avg_shortest_path_length: 0.9857
    [GRF] global_efficiency: 0.9900
    [GRF] avg_clustering: 0.9166
    [GRF] transitivity: 0.9094
    [GRF] degree_assortativity: 0.8720
    [GRF] charge_assortativity: 0.7398
    [GRF] hydrophobicity_assortativity: 0.5226

OOD_VIRUS set:
  Loss: 0.4243
  R² per feature:
    [GEO] end_to_end_distance: 0.9818
    [GEO] radius_of_gyration: 0.9922
    [GEO] asphericity: 0.8902
    [GEO] scaling_law_exponent: 0.9304
    [GEO] scaling_law_prefactor: 0.9343
    [GRF] fragmentation_index: 0.3710
    [GRF] avg_shortest_path_length: 0.9885
    [GRF] global_efficiency: 0.9891
    [GRF] avg_clustering: 0.8894
    [GRF] transitivity: 0.8768
    [GRF] degree_assortativity: 0.8626
    [GRF] charge_assortativity: 0.6456
    [GRF] hydrophobicity_assortativity: 0.2791

All outputs saved to /home/a/akopkau/kestrel_se/geograph_training/seed93
Done: Wed Sep 16 09:33:52 EDT 2026
