=== GeoGraph — BENDER training ===
Seed: 42   Task ID: 0
Start: Wed Sep 16 09:29:22 EDT 2026
Loading data...
After length filter (<= 256): 9931 proteins
After dropping NaN targets: 9922 proteins

Creating splits...
Splits: train=7125, val=891, test=891, ood_virus=1015
Computing residue feature stats from training set...

Building model...
Model parameters: 2,185,765

Training for 100 epochs on cuda
Total steps: 1400, warmup: 200
Epoch   1 | train_loss=2.0484 | val_loss=1.9858 | val_geo_R²=0.0291 | lr=2.58e-05
  -> New best model saved (val_loss=1.9858)
Epoch   2 | train_loss=1.8544 | val_loss=1.8119 | val_geo_R²=0.1154 | lr=4.31e-05
  -> New best model saved (val_loss=1.8119)
Epoch   3 | train_loss=1.6576 | val_loss=1.5045 | val_geo_R²=0.2817 | lr=7.09e-05
  -> New best model saved (val_loss=1.5045)
Epoch   4 | train_loss=1.4188 | val_loss=1.3035 | val_geo_R²=0.3982 | lr=1.08e-04
  -> New best model saved (val_loss=1.3035)
Epoch   5 | train_loss=1.2555 | val_loss=1.2129 | val_geo_R²=0.4697 | lr=1.52e-04
  -> New best model saved (val_loss=1.2129)
Epoch   6 | train_loss=1.2038 | val_loss=1.1753 | val_geo_R²=0.5151 | lr=2.02e-04
  -> New best model saved (val_loss=1.1753)
Epoch   7 | train_loss=1.1736 | val_loss=1.1302 | val_geo_R²=0.5535 | lr=2.54e-04
  -> New best model saved (val_loss=1.1302)
Epoch   8 | train_loss=1.1278 | val_loss=1.0823 | val_geo_R²=0.5595 | lr=3.07e-04
  -> New best model saved (val_loss=1.0823)
Epoch   9 | train_loss=1.0914 | val_loss=1.0238 | val_geo_R²=0.6059 | lr=3.58e-04
  -> New best model saved (val_loss=1.0238)
Epoch  10 | train_loss=0.9874 | val_loss=0.9350 | val_geo_R²=0.6291 | lr=4.03e-04
  -> New best model saved (val_loss=0.9350)
Epoch  11 | train_loss=0.8871 | val_loss=0.8152 | val_geo_R²=0.6130 | lr=4.42e-04
  -> New best model saved (val_loss=0.8152)
Epoch  12 | train_loss=0.8056 | val_loss=0.7295 | val_geo_R²=0.6726 | lr=4.72e-04
  -> New best model saved (val_loss=0.7295)
Epoch  13 | train_loss=0.7226 | val_loss=0.7035 | val_geo_R²=0.7079 | lr=4.91e-04
  -> New best model saved (val_loss=0.7035)
Epoch  14 | train_loss=0.7014 | val_loss=0.6767 | val_geo_R²=0.7363 | lr=5.00e-04
  -> New best model saved (val_loss=0.6767)
Epoch  15 | train_loss=0.6650 | val_loss=0.6819 | val_geo_R²=0.7367 | lr=5.00e-04
Epoch  16 | train_loss=0.6587 | val_loss=0.6334 | val_geo_R²=0.7766 | lr=4.99e-04
  -> New best model saved (val_loss=0.6334)
Epoch  17 | train_loss=0.6153 | val_loss=0.6683 | val_geo_R²=0.6643 | lr=4.99e-04
Epoch  18 | train_loss=0.6089 | val_loss=0.5785 | val_geo_R²=0.8336 | lr=4.98e-04
  -> New best model saved (val_loss=0.5785)
Epoch  19 | train_loss=0.5706 | val_loss=0.5898 | val_geo_R²=0.8537 | lr=4.96e-04
Epoch  20 | train_loss=0.5626 | val_loss=0.5439 | val_geo_R²=0.8747 | lr=4.94e-04
  -> New best model saved (val_loss=0.5439)
Epoch  21 | train_loss=0.5617 | val_loss=0.5672 | val_geo_R²=0.8523 | lr=4.92e-04
Epoch  22 | train_loss=0.5347 | val_loss=0.5265 | val_geo_R²=0.8809 | lr=4.90e-04
  -> New best model saved (val_loss=0.5265)
Epoch  23 | train_loss=0.5354 | val_loss=0.5366 | val_geo_R²=0.8625 | lr=4.87e-04
Epoch  24 | train_loss=0.5324 | val_loss=0.5619 | val_geo_R²=0.8616 | lr=4.84e-04
Epoch  25 | train_loss=0.5263 | val_loss=0.5136 | val_geo_R²=0.8902 | lr=4.81e-04
  -> New best model saved (val_loss=0.5136)
Epoch  26 | train_loss=0.5037 | val_loss=0.5246 | val_geo_R²=0.8774 | lr=4.77e-04
Epoch  27 | train_loss=0.5078 | val_loss=0.5086 | val_geo_R²=0.8876 | lr=4.73e-04
  -> New best model saved (val_loss=0.5086)
Epoch  28 | train_loss=0.5015 | val_loss=0.5055 | val_geo_R²=0.8807 | lr=4.69e-04
  -> New best model saved (val_loss=0.5055)
Epoch  29 | train_loss=0.4983 | val_loss=0.4985 | val_geo_R²=0.8569 | lr=4.64e-04
  -> New best model saved (val_loss=0.4985)
Epoch  30 | train_loss=0.4803 | val_loss=0.4918 | val_geo_R²=0.8818 | lr=4.59e-04
  -> New best model saved (val_loss=0.4918)
Epoch  31 | train_loss=0.4862 | val_loss=0.4925 | val_geo_R²=0.8993 | lr=4.54e-04
Epoch  32 | train_loss=0.4699 | val_loss=0.4648 | val_geo_R²=0.9097 | lr=4.49e-04
  -> New best model saved (val_loss=0.4648)
Epoch  33 | train_loss=0.4641 | val_loss=0.4805 | val_geo_R²=0.9001 | lr=4.43e-04
Epoch  34 | train_loss=0.4532 | val_loss=0.4767 | val_geo_R²=0.9015 | lr=4.37e-04
Epoch  35 | train_loss=0.4593 | val_loss=0.4915 | val_geo_R²=0.8936 | lr=4.31e-04
Epoch  36 | train_loss=0.4617 | val_loss=0.4879 | val_geo_R²=0.8806 | lr=4.24e-04
Epoch  37 | train_loss=0.4518 | val_loss=0.4687 | val_geo_R²=0.9029 | lr=4.18e-04
Epoch  38 | train_loss=0.4414 | val_loss=0.5468 | val_geo_R²=0.7256 | lr=4.11e-04
Epoch  39 | train_loss=0.4667 | val_loss=0.4842 | val_geo_R²=0.9017 | lr=4.04e-04
Epoch  40 | train_loss=0.4366 | val_loss=0.4645 | val_geo_R²=0.8845 | lr=3.96e-04
  -> New best model saved (val_loss=0.4645)
Epoch  41 | train_loss=0.4349 | val_loss=0.4660 | val_geo_R²=0.9115 | lr=3.89e-04
Epoch  42 | train_loss=0.4282 | val_loss=0.4599 | val_geo_R²=0.8821 | lr=3.81e-04
  -> New best model saved (val_loss=0.4599)
Epoch  43 | train_loss=0.4220 | val_loss=0.4576 | val_geo_R²=0.8928 | lr=3.73e-04
  -> New best model saved (val_loss=0.4576)
Epoch  44 | train_loss=0.4270 | val_loss=0.4503 | val_geo_R²=0.9093 | lr=3.65e-04
  -> New best model saved (val_loss=0.4503)
Epoch  45 | train_loss=0.4175 | val_loss=0.4483 | val_geo_R²=0.9177 | lr=3.57e-04
  -> New best model saved (val_loss=0.4483)
Epoch  46 | train_loss=0.4161 | val_loss=0.4526 | val_geo_R²=0.9053 | lr=3.49e-04
Epoch  47 | train_loss=0.4157 | val_loss=0.4564 | val_geo_R²=0.9146 | lr=3.40e-04
Epoch  48 | train_loss=0.4094 | val_loss=0.4665 | val_geo_R²=0.8870 | lr=3.32e-04
Epoch  49 | train_loss=0.4058 | val_loss=0.4430 | val_geo_R²=0.9163 | lr=3.23e-04
  -> New best model saved (val_loss=0.4430)
Epoch  50 | train_loss=0.4030 | val_loss=0.4458 | val_geo_R²=0.9098 | lr=3.14e-04
Epoch  51 | train_loss=0.4033 | val_loss=0.4547 | val_geo_R²=0.9079 | lr=3.05e-04
Epoch  52 | train_loss=0.3993 | val_loss=0.4516 | val_geo_R²=0.9106 | lr=2.96e-04
Epoch  53 | train_loss=0.4019 | val_loss=0.4497 | val_geo_R²=0.9080 | lr=2.87e-04
Epoch  54 | train_loss=0.3950 | val_loss=0.4445 | val_geo_R²=0.9075 | lr=2.78e-04
Epoch  55 | train_loss=0.3888 | val_loss=0.4577 | val_geo_R²=0.8975 | lr=2.69e-04
Epoch  56 | train_loss=0.3861 | val_loss=0.4424 | val_geo_R²=0.9018 | lr=2.60e-04
  -> New best model saved (val_loss=0.4424)
Epoch  57 | train_loss=0.3843 | val_loss=0.4510 | val_geo_R²=0.9044 | lr=2.51e-04
Epoch  58 | train_loss=0.3804 | val_loss=0.4454 | val_geo_R²=0.9181 | lr=2.41e-04
Epoch  59 | train_loss=0.3783 | val_loss=0.4330 | val_geo_R²=0.9151 | lr=2.32e-04
  -> New best model saved (val_loss=0.4330)
Epoch  60 | train_loss=0.3752 | val_loss=0.4449 | val_geo_R²=0.9071 | lr=2.23e-04
Epoch  61 | train_loss=0.3724 | val_loss=0.4429 | val_geo_R²=0.9116 | lr=2.14e-04
Epoch  62 | train_loss=0.3738 | val_loss=0.4351 | val_geo_R²=0.9121 | lr=2.05e-04
Epoch  63 | train_loss=0.3698 | val_loss=0.4385 | val_geo_R²=0.9155 | lr=1.96e-04
Epoch  64 | train_loss=0.3662 | val_loss=0.4371 | val_geo_R²=0.9098 | lr=1.87e-04
Epoch  65 | train_loss=0.3638 | val_loss=0.4344 | val_geo_R²=0.9092 | lr=1.78e-04
Epoch  66 | train_loss=0.3642 | val_loss=0.4388 | val_geo_R²=0.9132 | lr=1.70e-04
Epoch  67 | train_loss=0.3626 | val_loss=0.4306 | val_geo_R²=0.9120 | lr=1.61e-04
  -> New best model saved (val_loss=0.4306)
Epoch  68 | train_loss=0.3613 | val_loss=0.4405 | val_geo_R²=0.9067 | lr=1.53e-04
Epoch  69 | train_loss=0.3565 | val_loss=0.4391 | val_geo_R²=0.9139 | lr=1.44e-04
Epoch  70 | train_loss=0.3554 | val_loss=0.4395 | val_geo_R²=0.9069 | lr=1.36e-04
Epoch  71 | train_loss=0.3543 | val_loss=0.4334 | val_geo_R²=0.9127 | lr=1.28e-04
Epoch  72 | train_loss=0.3540 | val_loss=0.4426 | val_geo_R²=0.9022 | lr=1.20e-04
Epoch  73 | train_loss=0.3510 | val_loss=0.4335 | val_geo_R²=0.9148 | lr=1.12e-04
Epoch  74 | train_loss=0.3498 | val_loss=0.4417 | val_geo_R²=0.9036 | lr=1.05e-04
Epoch  75 | train_loss=0.3474 | val_loss=0.4338 | val_geo_R²=0.9122 | lr=9.73e-05
Epoch  76 | train_loss=0.3473 | val_loss=0.4398 | val_geo_R²=0.9058 | lr=9.01e-05
Epoch  77 | train_loss=0.3460 | val_loss=0.4360 | val_geo_R²=0.9096 | lr=8.32e-05
Epoch  78 | train_loss=0.3446 | val_loss=0.4342 | val_geo_R²=0.9147 | lr=7.65e-05
Epoch  79 | train_loss=0.3424 | val_loss=0.4339 | val_geo_R²=0.9101 | lr=7.00e-05
Epoch  80 | train_loss=0.3425 | val_loss=0.4293 | val_geo_R²=0.9184 | lr=6.38e-05
  -> New best model saved (val_loss=0.4293)
Epoch  81 | train_loss=0.3404 | val_loss=0.4347 | val_geo_R²=0.9116 | lr=5.78e-05
Epoch  82 | train_loss=0.3408 | val_loss=0.4362 | val_geo_R²=0.9106 | lr=5.21e-05
Epoch  83 | train_loss=0.3394 | val_loss=0.4316 | val_geo_R²=0.9147 | lr=4.66e-05
Epoch  84 | train_loss=0.3395 | val_loss=0.4362 | val_geo_R²=0.9108 | lr=4.14e-05
Epoch  85 | train_loss=0.3389 | val_loss=0.4395 | val_geo_R²=0.9081 | lr=3.65e-05
Epoch  86 | train_loss=0.3379 | val_loss=0.4339 | val_geo_R²=0.9150 | lr=3.19e-05
Epoch  87 | train_loss=0.3372 | val_loss=0.4376 | val_geo_R²=0.9119 | lr=2.75e-05
Epoch  88 | train_loss=0.3373 | val_loss=0.4328 | val_geo_R²=0.9156 | lr=2.35e-05
Epoch  89 | train_loss=0.3370 | val_loss=0.4366 | val_geo_R²=0.9113 | lr=1.98e-05
Epoch  90 | train_loss=0.3357 | val_loss=0.4340 | val_geo_R²=0.9138 | lr=1.64e-05
Epoch  91 | train_loss=0.3359 | val_loss=0.4338 | val_geo_R²=0.9146 | lr=1.33e-05
Epoch  92 | train_loss=0.3350 | val_loss=0.4373 | val_geo_R²=0.9108 | lr=1.05e-05
Epoch  93 | train_loss=0.3344 | val_loss=0.4349 | val_geo_R²=0.9126 | lr=8.02e-06
Epoch  94 | train_loss=0.3347 | val_loss=0.4339 | val_geo_R²=0.9146 | lr=5.88e-06
Epoch  95 | train_loss=0.3356 | val_loss=0.4341 | val_geo_R²=0.9143 | lr=4.07e-06
Epoch  96 | train_loss=0.3360 | val_loss=0.4353 | val_geo_R²=0.9117 | lr=2.59e-06
Epoch  97 | train_loss=0.3351 | val_loss=0.4344 | val_geo_R²=0.9140 | lr=1.44e-06
Epoch  98 | train_loss=0.3344 | val_loss=0.4346 | val_geo_R²=0.9139 | lr=6.26e-07
Epoch  99 | train_loss=0.3349 | val_loss=0.4347 | val_geo_R²=0.9136 | lr=1.47e-07
Epoch 100 | train_loss=0.3348 | val_loss=0.4347 | val_geo_R²=0.9136 | lr=2.86e-09

============================================================
Final evaluation on test and OOD sets
============================================================

TEST set:
  Loss: 0.4175
  R² per feature:
    [GEO] end_to_end_distance: 0.9822
    [GEO] radius_of_gyration: 0.9915
    [GEO] asphericity: 0.8567
    [GEO] scaling_law_exponent: 0.9199
    [GEO] scaling_law_prefactor: 0.9087
    [GRF] fragmentation_index: 0.5869
    [GRF] avg_shortest_path_length: 0.9872
    [GRF] global_efficiency: 0.9912
    [GRF] avg_clustering: 0.9143
    [GRF] transitivity: 0.9045
    [GRF] degree_assortativity: 0.8898
    [GRF] charge_assortativity: 0.7146
    [GRF] hydrophobicity_assortativity: 0.4828

OOD_VIRUS set:
  Loss: 0.4469
  R² per feature:
    [GEO] end_to_end_distance: 0.9753
    [GEO] radius_of_gyration: 0.9873
    [GEO] asphericity: 0.8692
    [GEO] scaling_law_exponent: 0.9071
    [GEO] scaling_law_prefactor: 0.9146
    [GRF] fragmentation_index: 0.3223
    [GRF] avg_shortest_path_length: 0.9842
    [GRF] global_efficiency: 0.9883
    [GRF] avg_clustering: 0.8831
    [GRF] transitivity: 0.8650
    [GRF] degree_assortativity: 0.8625
    [GRF] charge_assortativity: 0.6909
    [GRF] hydrophobicity_assortativity: 0.1306

All outputs saved to /home/a/akopkau/kestrel_se/geograph_training/seed42
Done: Wed Sep 16 09:40:42 EDT 2026
