=== GeoGraph — BENDER training ===
Seed: 69   Task ID: 1
Start: Wed Sep 16 09:18:51 EDT 2026
Loading data...
After length filter (<= 256): 9931 proteins
After dropping NaN targets: 9922 proteins

Creating splits...
Splits: train=7125, val=891, test=891, ood_virus=1015
Computing residue feature stats from training set...

Building model...
Model parameters: 2,185,765

Training for 100 epochs on cuda
Total steps: 1400, warmup: 200
Epoch   1 | train_loss=1.9895 | val_loss=1.9490 | val_geo_R²=0.0548 | lr=2.58e-05
  -> New best model saved (val_loss=1.9490)
Epoch   2 | train_loss=1.7985 | val_loss=1.7611 | val_geo_R²=0.1707 | lr=4.31e-05
  -> New best model saved (val_loss=1.7611)
Epoch   3 | train_loss=1.5603 | val_loss=1.4824 | val_geo_R²=0.3147 | lr=7.09e-05
  -> New best model saved (val_loss=1.4824)
Epoch   4 | train_loss=1.3411 | val_loss=1.3204 | val_geo_R²=0.4073 | lr=1.08e-04
  -> New best model saved (val_loss=1.3204)
Epoch   5 | train_loss=1.2052 | val_loss=1.2433 | val_geo_R²=0.4771 | lr=1.52e-04
  -> New best model saved (val_loss=1.2433)
Epoch   6 | train_loss=1.1414 | val_loss=1.1816 | val_geo_R²=0.5251 | lr=2.02e-04
  -> New best model saved (val_loss=1.1816)
Epoch   7 | train_loss=1.0928 | val_loss=1.1266 | val_geo_R²=0.5604 | lr=2.54e-04
  -> New best model saved (val_loss=1.1266)
Epoch   8 | train_loss=1.0509 | val_loss=1.0946 | val_geo_R²=0.6014 | lr=3.07e-04
  -> New best model saved (val_loss=1.0946)
Epoch   9 | train_loss=1.0136 | val_loss=1.0856 | val_geo_R²=0.6018 | lr=3.58e-04
  -> New best model saved (val_loss=1.0856)
Epoch  10 | train_loss=1.0190 | val_loss=1.0529 | val_geo_R²=0.6495 | lr=4.03e-04
  -> New best model saved (val_loss=1.0529)
Epoch  11 | train_loss=0.9942 | val_loss=1.0299 | val_geo_R²=0.6255 | lr=4.42e-04
  -> New best model saved (val_loss=1.0299)
Epoch  12 | train_loss=0.8687 | val_loss=0.8356 | val_geo_R²=0.6609 | lr=4.72e-04
  -> New best model saved (val_loss=0.8356)
Epoch  13 | train_loss=0.7425 | val_loss=0.8264 | val_geo_R²=0.6148 | lr=4.91e-04
  -> New best model saved (val_loss=0.8264)
Epoch  14 | train_loss=0.7434 | val_loss=0.7209 | val_geo_R²=0.7321 | lr=5.00e-04
  -> New best model saved (val_loss=0.7209)
Epoch  15 | train_loss=0.6746 | val_loss=0.7155 | val_geo_R²=0.7520 | lr=5.00e-04
  -> New best model saved (val_loss=0.7155)
Epoch  16 | train_loss=0.6461 | val_loss=0.6638 | val_geo_R²=0.7212 | lr=4.99e-04
  -> New best model saved (val_loss=0.6638)
Epoch  17 | train_loss=0.6135 | val_loss=0.6475 | val_geo_R²=0.7875 | lr=4.99e-04
  -> New best model saved (val_loss=0.6475)
Epoch  18 | train_loss=0.5883 | val_loss=0.6135 | val_geo_R²=0.7991 | lr=4.98e-04
  -> New best model saved (val_loss=0.6135)
Epoch  19 | train_loss=0.5694 | val_loss=0.5798 | val_geo_R²=0.8842 | lr=4.96e-04
  -> New best model saved (val_loss=0.5798)
Epoch  20 | train_loss=0.5411 | val_loss=0.5497 | val_geo_R²=0.8866 | lr=4.94e-04
  -> New best model saved (val_loss=0.5497)
Epoch  21 | train_loss=0.5332 | val_loss=0.5634 | val_geo_R²=0.8994 | lr=4.92e-04
Epoch  22 | train_loss=0.5438 | val_loss=0.5717 | val_geo_R²=0.8526 | lr=4.90e-04
Epoch  23 | train_loss=0.5291 | val_loss=0.5184 | val_geo_R²=0.9010 | lr=4.87e-04
  -> New best model saved (val_loss=0.5184)
Epoch  24 | train_loss=0.5230 | val_loss=0.5485 | val_geo_R²=0.8972 | lr=4.84e-04
Epoch  25 | train_loss=0.5103 | val_loss=0.5212 | val_geo_R²=0.8901 | lr=4.81e-04
Epoch  26 | train_loss=0.5025 | val_loss=0.5135 | val_geo_R²=0.8984 | lr=4.77e-04
  -> New best model saved (val_loss=0.5135)
Epoch  27 | train_loss=0.4881 | val_loss=0.5125 | val_geo_R²=0.9043 | lr=4.73e-04
  -> New best model saved (val_loss=0.5125)
Epoch  28 | train_loss=0.4780 | val_loss=0.4981 | val_geo_R²=0.9180 | lr=4.69e-04
  -> New best model saved (val_loss=0.4981)
Epoch  29 | train_loss=0.4732 | val_loss=0.5304 | val_geo_R²=0.8440 | lr=4.64e-04
Epoch  30 | train_loss=0.4810 | val_loss=0.5259 | val_geo_R²=0.8950 | lr=4.59e-04
Epoch  31 | train_loss=0.4647 | val_loss=0.5084 | val_geo_R²=0.9097 | lr=4.54e-04
Epoch  32 | train_loss=0.4670 | val_loss=0.4921 | val_geo_R²=0.9164 | lr=4.49e-04
  -> New best model saved (val_loss=0.4921)
Epoch  33 | train_loss=0.4695 | val_loss=0.4869 | val_geo_R²=0.9214 | lr=4.43e-04
  -> New best model saved (val_loss=0.4869)
Epoch  34 | train_loss=0.4641 | val_loss=0.4942 | val_geo_R²=0.9163 | lr=4.37e-04
Epoch  35 | train_loss=0.4510 | val_loss=0.4815 | val_geo_R²=0.9155 | lr=4.31e-04
  -> New best model saved (val_loss=0.4815)
Epoch  36 | train_loss=0.4369 | val_loss=0.4863 | val_geo_R²=0.9294 | lr=4.24e-04
Epoch  37 | train_loss=0.4304 | val_loss=0.4888 | val_geo_R²=0.9079 | lr=4.18e-04
Epoch  38 | train_loss=0.4260 | val_loss=0.4603 | val_geo_R²=0.9213 | lr=4.11e-04
  -> New best model saved (val_loss=0.4603)
Epoch  39 | train_loss=0.4294 | val_loss=0.4739 | val_geo_R²=0.9301 | lr=4.04e-04
Epoch  40 | train_loss=0.4211 | val_loss=0.4900 | val_geo_R²=0.9231 | lr=3.96e-04
Epoch  41 | train_loss=0.4186 | val_loss=0.4697 | val_geo_R²=0.9251 | lr=3.89e-04
Epoch  42 | train_loss=0.4161 | val_loss=0.4533 | val_geo_R²=0.9260 | lr=3.81e-04
  -> New best model saved (val_loss=0.4533)
Epoch  43 | train_loss=0.4198 | val_loss=0.4637 | val_geo_R²=0.9193 | lr=3.73e-04
Epoch  44 | train_loss=0.4049 | val_loss=0.4441 | val_geo_R²=0.9241 | lr=3.65e-04
  -> New best model saved (val_loss=0.4441)
Epoch  45 | train_loss=0.3984 | val_loss=0.4482 | val_geo_R²=0.9288 | lr=3.57e-04
Epoch  46 | train_loss=0.3971 | val_loss=0.4564 | val_geo_R²=0.9117 | lr=3.49e-04
Epoch  47 | train_loss=0.3954 | val_loss=0.4544 | val_geo_R²=0.9208 | lr=3.40e-04
Epoch  48 | train_loss=0.3917 | val_loss=0.4480 | val_geo_R²=0.9308 | lr=3.32e-04
Epoch  49 | train_loss=0.3858 | val_loss=0.4473 | val_geo_R²=0.9343 | lr=3.23e-04
Epoch  50 | train_loss=0.3857 | val_loss=0.4443 | val_geo_R²=0.9294 | lr=3.14e-04
Epoch  51 | train_loss=0.3836 | val_loss=0.4436 | val_geo_R²=0.9149 | lr=3.05e-04
  -> New best model saved (val_loss=0.4436)
Epoch  52 | train_loss=0.3788 | val_loss=0.4328 | val_geo_R²=0.9320 | lr=2.96e-04
  -> New best model saved (val_loss=0.4328)
Epoch  53 | train_loss=0.3767 | val_loss=0.4367 | val_geo_R²=0.9344 | lr=2.87e-04
Epoch  54 | train_loss=0.3747 | val_loss=0.4281 | val_geo_R²=0.9293 | lr=2.78e-04
  -> New best model saved (val_loss=0.4281)
Epoch  55 | train_loss=0.3719 | val_loss=0.4292 | val_geo_R²=0.9314 | lr=2.69e-04
Epoch  56 | train_loss=0.3737 | val_loss=0.4429 | val_geo_R²=0.9280 | lr=2.60e-04
Epoch  57 | train_loss=0.3691 | val_loss=0.4257 | val_geo_R²=0.9361 | lr=2.51e-04
  -> New best model saved (val_loss=0.4257)
Epoch  58 | train_loss=0.3670 | val_loss=0.4375 | val_geo_R²=0.9271 | lr=2.41e-04
Epoch  59 | train_loss=0.3675 | val_loss=0.4254 | val_geo_R²=0.9355 | lr=2.32e-04
  -> New best model saved (val_loss=0.4254)
Epoch  60 | train_loss=0.3632 | val_loss=0.4243 | val_geo_R²=0.9323 | lr=2.23e-04
  -> New best model saved (val_loss=0.4243)
Epoch  61 | train_loss=0.3569 | val_loss=0.4154 | val_geo_R²=0.9316 | lr=2.14e-04
  -> New best model saved (val_loss=0.4154)
Epoch  62 | train_loss=0.3557 | val_loss=0.4202 | val_geo_R²=0.9347 | lr=2.05e-04
Epoch  63 | train_loss=0.3522 | val_loss=0.4181 | val_geo_R²=0.9342 | lr=1.96e-04
Epoch  64 | train_loss=0.3521 | val_loss=0.4153 | val_geo_R²=0.9349 | lr=1.87e-04
  -> New best model saved (val_loss=0.4153)
Epoch  65 | train_loss=0.3504 | val_loss=0.4195 | val_geo_R²=0.9342 | lr=1.78e-04
Epoch  66 | train_loss=0.3508 | val_loss=0.4187 | val_geo_R²=0.9330 | lr=1.70e-04
Epoch  67 | train_loss=0.3481 | val_loss=0.4156 | val_geo_R²=0.9319 | lr=1.61e-04
Epoch  68 | train_loss=0.3445 | val_loss=0.4165 | val_geo_R²=0.9333 | lr=1.53e-04
Epoch  69 | train_loss=0.3436 | val_loss=0.4160 | val_geo_R²=0.9338 | lr=1.44e-04
Epoch  70 | train_loss=0.3418 | val_loss=0.4164 | val_geo_R²=0.9322 | lr=1.36e-04
Epoch  71 | train_loss=0.3420 | val_loss=0.4200 | val_geo_R²=0.9315 | lr=1.28e-04
Epoch  72 | train_loss=0.3389 | val_loss=0.4183 | val_geo_R²=0.9345 | lr=1.20e-04
Epoch  73 | train_loss=0.3378 | val_loss=0.4114 | val_geo_R²=0.9347 | lr=1.12e-04
  -> New best model saved (val_loss=0.4114)
Epoch  74 | train_loss=0.3378 | val_loss=0.4087 | val_geo_R²=0.9341 | lr=1.05e-04
  -> New best model saved (val_loss=0.4087)
Epoch  75 | train_loss=0.3358 | val_loss=0.4156 | val_geo_R²=0.9358 | lr=9.73e-05
Epoch  76 | train_loss=0.3344 | val_loss=0.4148 | val_geo_R²=0.9364 | lr=9.01e-05
Epoch  77 | train_loss=0.3319 | val_loss=0.4133 | val_geo_R²=0.9337 | lr=8.32e-05
Epoch  78 | train_loss=0.3314 | val_loss=0.4111 | val_geo_R²=0.9361 | lr=7.65e-05
Epoch  79 | train_loss=0.3310 | val_loss=0.4128 | val_geo_R²=0.9331 | lr=7.00e-05
Epoch  80 | train_loss=0.3297 | val_loss=0.4126 | val_geo_R²=0.9361 | lr=6.38e-05
Epoch  81 | train_loss=0.3284 | val_loss=0.4094 | val_geo_R²=0.9359 | lr=5.78e-05
Epoch  82 | train_loss=0.3276 | val_loss=0.4122 | val_geo_R²=0.9376 | lr=5.21e-05
Epoch  83 | train_loss=0.3284 | val_loss=0.4112 | val_geo_R²=0.9349 | lr=4.66e-05
Epoch  84 | train_loss=0.3273 | val_loss=0.4101 | val_geo_R²=0.9346 | lr=4.14e-05
Epoch  85 | train_loss=0.3263 | val_loss=0.4096 | val_geo_R²=0.9356 | lr=3.65e-05
Epoch  86 | train_loss=0.3254 | val_loss=0.4113 | val_geo_R²=0.9346 | lr=3.19e-05
Epoch  87 | train_loss=0.3248 | val_loss=0.4094 | val_geo_R²=0.9347 | lr=2.75e-05
Epoch  88 | train_loss=0.3242 | val_loss=0.4091 | val_geo_R²=0.9372 | lr=2.35e-05
Epoch  89 | train_loss=0.3240 | val_loss=0.4104 | val_geo_R²=0.9344 | lr=1.98e-05
Epoch  90 | train_loss=0.3237 | val_loss=0.4100 | val_geo_R²=0.9350 | lr=1.64e-05
Epoch  91 | train_loss=0.3244 | val_loss=0.4105 | val_geo_R²=0.9354 | lr=1.33e-05
Epoch  92 | train_loss=0.3229 | val_loss=0.4082 | val_geo_R²=0.9359 | lr=1.05e-05
  -> New best model saved (val_loss=0.4082)
Epoch  93 | train_loss=0.3231 | val_loss=0.4091 | val_geo_R²=0.9358 | lr=8.02e-06
Epoch  94 | train_loss=0.3238 | val_loss=0.4089 | val_geo_R²=0.9367 | lr=5.88e-06
Epoch  95 | train_loss=0.3218 | val_loss=0.4101 | val_geo_R²=0.9355 | lr=4.07e-06
Epoch  96 | train_loss=0.3223 | val_loss=0.4096 | val_geo_R²=0.9358 | lr=2.59e-06
Epoch  97 | train_loss=0.3222 | val_loss=0.4093 | val_geo_R²=0.9360 | lr=1.44e-06
Epoch  98 | train_loss=0.3224 | val_loss=0.4092 | val_geo_R²=0.9359 | lr=6.26e-07
Epoch  99 | train_loss=0.3231 | val_loss=0.4092 | val_geo_R²=0.9360 | lr=1.47e-07
Epoch 100 | train_loss=0.3216 | val_loss=0.4092 | val_geo_R²=0.9359 | lr=2.86e-09

============================================================
Final evaluation on test and OOD sets
============================================================

TEST set:
  Loss: 0.3920
  R² per feature:
    [GEO] end_to_end_distance: 0.9791
    [GEO] radius_of_gyration: 0.9910
    [GEO] asphericity: 0.8511
    [GEO] scaling_law_exponent: 0.9133
    [GEO] scaling_law_prefactor: 0.8701
    [GRF] fragmentation_index: 0.4962
    [GRF] avg_shortest_path_length: 0.9856
    [GRF] global_efficiency: 0.9890
    [GRF] avg_clustering: 0.9109
    [GRF] transitivity: 0.8992
    [GRF] degree_assortativity: 0.8742
    [GRF] charge_assortativity: 0.8138
    [GRF] hydrophobicity_assortativity: 0.4774

OOD_VIRUS set:
  Loss: 0.4168
  R² per feature:
    [GEO] end_to_end_distance: 0.9794
    [GEO] radius_of_gyration: 0.9904
    [GEO] asphericity: 0.8854
    [GEO] scaling_law_exponent: 0.9242
    [GEO] scaling_law_prefactor: 0.9400
    [GRF] fragmentation_index: 0.3872
    [GRF] avg_shortest_path_length: 0.9869
    [GRF] global_efficiency: 0.9887
    [GRF] avg_clustering: 0.8844
    [GRF] transitivity: 0.8686
    [GRF] degree_assortativity: 0.8714
    [GRF] charge_assortativity: 0.7160
    [GRF] hydrophobicity_assortativity: 0.1762

All outputs saved to /home/a/akopkau/kestrel_se/geograph_training/seed69
Done: Wed Sep 16 09:34:36 EDT 2026
